<html>
<body>
<pre>
<h1>µVision Build Log</h1>
<h2>Tool Versions:</h2>
IDE-Version: ¦ÌVision V5.37.0.0
Copyright (C) 2022 ARM Ltd and ARM Germany GmbH. All rights reserved.
License Information: 1 3587969512@qq.com, 1, LIC=8MZI6-DU3RH-JPZZQ-NUAKJ-VMY30-JP9N7
 
Tool Versions:
Toolchain:       MDK-ARM Professional  Version: 5.37.0.0
Toolchain Path:  D:\Keil5\Core\ARM\ARMCC\Bin
C Compiler:      Armcc.exe V5.06 update 7 (build 960)
Assembler:       Armasm.exe V5.06 update 7 (build 960)
Linker/Locator:  ArmLink.exe V5.06 update 7 (build 960)
Library Manager: ArmAr.exe V5.06 update 7 (build 960)
Hex Converter:   FromElf.exe V5.06 update 7 (build 960)
CPU DLL:         SARMCM3.DLL V5.37.0.0
Dialog DLL:      DCM.DLL V1.17.5.0
Target DLL:      STLink\ST-LINKIII-KEIL_SWO.dll V3.0.9.0
Dialog DLL:      TCM.DLL V1.56.1.0
 
<h2>Project:</h2>
C:\Users\35879\Desktop\qianrushi_2026_7_3\qianrushi_2026_5_10\MDK-ARM\qianrushi_2026_5_10.uvprojx
Project File Date:  07/03/2026

<h2>Output:</h2>
*** Using Compiler 'V5.06 update 7 (build 960)', folder: 'D:\Keil5\Core\ARM\ARMCC\Bin'
Build target 'qianrushi_2026_5_10'
compiling main.c...
../Core/Src/main.c(145): warning:  #177-D: variable "send_data_1"  was declared but never referenced
    uint8_t send_data_1[8] = {0x01,0xF6,0x01,0x00,0xff,0x00,0x00,0x6B};
../Core/Src/main.c(147): warning:  #177-D: variable "send_data_2"  was declared but never referenced
    uint8_t send_data_2[8] = {0x02,0xF6,0x01,0x00,0xFF,0x00,0x00,0x6B};
../Core/Src/main.c: 2 warnings, 0 errors
linking...
Program Size: Code=16908 RO-data=2540 RW-data=64 ZI-data=3608  
FromELF: creating hex file...
"qianrushi_2026_5_10\qianrushi_2026_5_10.axf" - 0 Error(s), 2 Warning(s).

<h2>Software Packages used:</h2>

Package Vendor: ARM
                http://www.keil.com/pack/ARM.CMSIS.5.9.0.pack
                ARM.CMSIS.5.9.0
                CMSIS (Common Microcontroller Software Interface Standard)
   * Component: CORE Version: 5.6.0

Package Vendor: Keil
                http://www.keil.com/pack/Keil.STM32F4xx_DFP.2.16.0.pack
                Keil.STM32F4xx_DFP.2.16.0
                STMicroelectronics STM32F4 Series Device Support, Drivers and Examples

<h2>Collection of Component include folders:</h2>
  ./RTE/_qianrushi_2026_5_10
  D:/Keil5/Pack/ARM/CMSIS/5.9.0/CMSIS/Core/Include
  D:/Keil5/Pack/Keil/STM32F4xx_DFP/2.16.0/Drivers/CMSIS/Device/ST/STM32F4xx/Include

<h2>Collection of Component Files used:</h2>

   * Component: ARM::CMSIS:CORE:5.6.0
      Include file:  CMSIS/Core/Include/tz_context.h
Build Time Elapsed:  00:00:01
</pre>
</body>
</html>
