Component: ARM Compiler 5.06 update 7 (build 960) Tool: armlink [4d3601]

==============================================================================

Section Cross References

    startup_stm32f407xx.o(STACK) refers (Special) to heapauxi.o(.text) for __use_two_region_memory
    startup_stm32f407xx.o(HEAP) refers (Special) to heapauxi.o(.text) for __use_two_region_memory
    startup_stm32f407xx.o(RESET) refers (Special) to heapauxi.o(.text) for __use_two_region_memory
    startup_stm32f407xx.o(RESET) refers to startup_stm32f407xx.o(STACK) for __initial_sp
    startup_stm32f407xx.o(RESET) refers to startup_stm32f407xx.o(.text) for Reset_Handler
    startup_stm32f407xx.o(RESET) refers to stm32f4xx_it.o(i.NMI_Handler) for NMI_Handler
    startup_stm32f407xx.o(RESET) refers to stm32f4xx_it.o(i.HardFault_Handler) for HardFault_Handler
    startup_stm32f407xx.o(RESET) refers to stm32f4xx_it.o(i.MemManage_Handler) for MemManage_Handler
    startup_stm32f407xx.o(RESET) refers to stm32f4xx_it.o(i.BusFault_Handler) for BusFault_Handler
    startup_stm32f407xx.o(RESET) refers to stm32f4xx_it.o(i.UsageFault_Handler) for UsageFault_Handler
    startup_stm32f407xx.o(RESET) refers to stm32f4xx_it.o(i.SVC_Handler) for SVC_Handler
    startup_stm32f407xx.o(RESET) refers to stm32f4xx_it.o(i.DebugMon_Handler) for DebugMon_Handler
    startup_stm32f407xx.o(RESET) refers to stm32f4xx_it.o(i.PendSV_Handler) for PendSV_Handler
    startup_stm32f407xx.o(RESET) refers to stm32f4xx_it.o(i.SysTick_Handler) for SysTick_Handler
    startup_stm32f407xx.o(RESET) refers to stm32f4xx_it.o(i.USART2_IRQHandler) for USART2_IRQHandler
    startup_stm32f407xx.o(RESET) refers to stm32f4xx_it.o(i.USART3_IRQHandler) for USART3_IRQHandler
    startup_stm32f407xx.o(RESET) refers to stm32f4xx_it.o(i.UART5_IRQHandler) for UART5_IRQHandler
    startup_stm32f407xx.o(RESET) refers to stm32f4xx_it.o(i.TIM7_IRQHandler) for TIM7_IRQHandler
    startup_stm32f407xx.o(.text) refers (Special) to heapauxi.o(.text) for __use_two_region_memory
    startup_stm32f407xx.o(.text) refers to system_stm32f4xx.o(i.SystemInit) for SystemInit
    startup_stm32f407xx.o(.text) refers to __main.o(!!!main) for __main
    startup_stm32f407xx.o(.text) refers to startup_stm32f407xx.o(HEAP) for Heap_Mem
    startup_stm32f407xx.o(.text) refers to startup_stm32f407xx.o(STACK) for Stack_Mem
    main.o(i.SystemClock_Config) refers to rt_memclr_w.o(.text) for __aeabi_memclr4
    main.o(i.SystemClock_Config) refers to stm32f4xx_hal_rcc.o(i.HAL_RCC_OscConfig) for HAL_RCC_OscConfig
    main.o(i.SystemClock_Config) refers to stm32f4xx_hal_rcc.o(i.HAL_RCC_ClockConfig) for HAL_RCC_ClockConfig
    main.o(i.main) refers to stm32f4xx_hal.o(i.HAL_Init) for HAL_Init
    main.o(i.main) refers to main.o(i.SystemClock_Config) for SystemClock_Config
    main.o(i.main) refers to gpio.o(i.MX_GPIO_Init) for MX_GPIO_Init
    main.o(i.main) refers to i2c.o(i.MX_I2C1_Init) for MX_I2C1_Init
    main.o(i.main) refers to usart.o(i.MX_UART5_Init) for MX_UART5_Init
    main.o(i.main) refers to usart.o(i.MX_USART3_UART_Init) for MX_USART3_UART_Init
    main.o(i.main) refers to tim.o(i.MX_TIM1_Init) for MX_TIM1_Init
    main.o(i.main) refers to tim.o(i.MX_TIM2_Init) for MX_TIM2_Init
    main.o(i.main) refers to tim.o(i.MX_TIM3_Init) for MX_TIM3_Init
    main.o(i.main) refers to tim.o(i.MX_TIM4_Init) for MX_TIM4_Init
    main.o(i.main) refers to tim.o(i.MX_TIM7_Init) for MX_TIM7_Init
    main.o(i.main) refers to tim.o(i.MX_TIM9_Init) for MX_TIM9_Init
    main.o(i.main) refers to usart.o(i.MX_USART2_UART_Init) for MX_USART2_UART_Init
    main.o(i.main) refers to stm32f4xx_hal_tim.o(i.HAL_TIM_PWM_Start) for HAL_TIM_PWM_Start
    main.o(i.main) refers to stm32f4xx_hal_tim.o(i.HAL_TIM_Base_Start_IT) for HAL_TIM_Base_Start_IT
    main.o(i.main) refers to oled.o(i.OLED_Init) for OLED_Init
    main.o(i.main) refers to stm32f4xx_hal_uart.o(i.HAL_UART_Transmit) for HAL_UART_Transmit
    main.o(i.main) refers to stm32f4xx_hal_uart.o(i.HAL_UART_Receive_IT) for HAL_UART_Receive_IT
    main.o(i.main) refers to pid.o(i.PID_Init) for PID_Init
    main.o(i.main) refers to stm32f4xx_hal_gpio.o(i.HAL_GPIO_ReadPin) for HAL_GPIO_ReadPin
    main.o(i.main) refers to motor.o(i.Set_4_Speed) for Set_4_Speed
    main.o(i.main) refers to emm_v5.o(i.Emm_V5_Vel_Control) for Emm_V5_Vel_Control
    main.o(i.main) refers to stm32f4xx_hal.o(i.HAL_Delay) for HAL_Delay
    main.o(i.main) refers to f2d.o(x$fpl$f2d) for __aeabi_f2d
    main.o(i.main) refers to oled.o(i.OLED_ShowFloatNum) for OLED_ShowFloatNum
    main.o(i.main) refers to oled.o(i.OLED_ShowNum) for OLED_ShowNum
    main.o(i.main) refers to oled.o(i.OLED_ShowSignedNum) for OLED_ShowSignedNum
    main.o(i.main) refers to oled.o(i.OLED_Update) for OLED_Update
    main.o(i.main) refers to tim.o(.bss) for htim1
    main.o(i.main) refers to usart.o(.bss) for huart3
    main.o(i.main) refers to usart.o(.data) for Jy901s_RxData
    main.o(i.main) refers to pid.o(.bss) for Angel
[...]
    i.HAL_RCC_OscConfig                      0x08000fa4   Section        0  stm32f4xx_hal_rcc.o(i.HAL_RCC_OscConfig)
    i.HAL_SYSTICK_Config                     0x08001310   Section        0  stm32f4xx_hal_cortex.o(i.HAL_SYSTICK_Config)
    i.HAL_TIMEx_BreakCallback                0x08001338   Section        0  stm32f4xx_hal_tim_ex.o(i.HAL_TIMEx_BreakCallback)
    i.HAL_TIMEx_CommutCallback               0x0800133a   Section        0  stm32f4xx_hal_tim_ex.o(i.HAL_TIMEx_CommutCallback)
    i.HAL_TIMEx_ConfigBreakDeadTime          0x0800133c   Section        0  stm32f4xx_hal_tim_ex.o(i.HAL_TIMEx_ConfigBreakDeadTime)
    i.HAL_TIMEx_MasterConfigSynchronization  0x08001390   Section        0  stm32f4xx_hal_tim_ex.o(i.HAL_TIMEx_MasterConfigSynchronization)
    i.HAL_TIM_Base_Init                      0x08001420   Section        0  stm32f4xx_hal_tim.o(i.HAL_TIM_Base_Init)
    i.HAL_TIM_Base_MspInit                   0x0800147c   Section        0  tim.o(i.HAL_TIM_Base_MspInit)
    i.HAL_TIM_Base_Start_IT                  0x08001510   Section        0  stm32f4xx_hal_tim.o(i.HAL_TIM_Base_Start_IT)
    i.HAL_TIM_ConfigClockSource              0x08001590   Section        0  stm32f4xx_hal_tim.o(i.HAL_TIM_ConfigClockSource)
    i.HAL_TIM_IC_CaptureCallback             0x0800166c   Section        0  stm32f4xx_hal_tim.o(i.HAL_TIM_IC_CaptureCallback)
    i.HAL_TIM_IRQHandler                     0x0800166e   Section        0  stm32f4xx_hal_tim.o(i.HAL_TIM_IRQHandler)
    i.HAL_TIM_MspPostInit                    0x080017a0   Section        0  tim.o(i.HAL_TIM_MspPostInit)
    i.HAL_TIM_OC_DelayElapsedCallback        0x0800189c   Section        0  stm32f4xx_hal_tim.o(i.HAL_TIM_OC_DelayElapsedCallback)
    i.HAL_TIM_PWM_ConfigChannel              0x0800189e   Section        0  stm32f4xx_hal_tim.o(i.HAL_TIM_PWM_ConfigChannel)
    i.HAL_TIM_PWM_Init                       0x0800196a   Section        0  stm32f4xx_hal_tim.o(i.HAL_TIM_PWM_Init)
    i.HAL_TIM_PWM_MspInit                    0x080019c4   Section        0  tim.o(i.HAL_TIM_PWM_MspInit)
    i.HAL_TIM_PWM_PulseFinishedCallback      0x080019ec   Section        0  stm32f4xx_hal_tim.o(i.HAL_TIM_PWM_PulseFinishedCallback)
    i.HAL_TIM_PWM_Start                      0x080019f0   Section        0  stm32f4xx_hal_tim.o(i.HAL_TIM_PWM_Start)
    i.HAL_TIM_PeriodElapsedCallback          0x08001ab8   Section        0  pid.o(i.HAL_TIM_PeriodElapsedCallback)
    i.HAL_TIM_TriggerCallback                0x08001b54   Section        0  stm32f4xx_hal_tim.o(i.HAL_TIM_TriggerCallback)
    i.HAL_UARTEx_RxEventCallback             0x08001b56   Section        0  stm32f4xx_hal_uart.o(i.HAL_UARTEx_RxEventCallback)
    i.HAL_UART_ErrorCallback                 0x08001b58   Section        0  stm32f4xx_hal_uart.o(i.HAL_UART_ErrorCallback)
    i.HAL_UART_IRQHandler                    0x08001b5c   Section        0  stm32f4xx_hal_uart.o(i.HAL_UART_IRQHandler)
    i.HAL_UART_Init                          0x08001ddc   Section        0  stm32f4xx_hal_uart.o(i.HAL_UART_Init)
    i.HAL_UART_MspInit                       0x08001e40   Section        0  usart.o(i.HAL_UART_MspInit)
    i.HAL_UART_Receive_IT                    0x08001f88   Section        0  stm32f4xx_hal_uart.o(i.HAL_UART_Receive_IT)
    i.HAL_UART_RxCpltCallback                0x08001fa4   Section        0  usart.o(i.HAL_UART_RxCpltCallback)
    i.HAL_UART_Transmit                      0x0800204c   Section        0  stm32f4xx_hal_uart.o(i.HAL_UART_Transmit)
    i.HAL_UART_TxCpltCallback                0x080020ec   Section        0  stm32f4xx_hal_uart.o(i.HAL_UART_TxCpltCallback)
    i.HardFault_Handler                      0x080020ee   Section        0  stm32f4xx_it.o(i.HardFault_Handler)
    i.I2C_IsAcknowledgeFailed                0x080020f0   Section        0  stm32f4xx_hal_i2c.o(i.I2C_IsAcknowledgeFailed)
    I2C_IsAcknowledgeFailed                  0x080020f1   Thumb Code    46  stm32f4xx_hal_i2c.o(i.I2C_IsAcknowledgeFailed)
    i.I2C_MasterRequestWrite                 0x08002120   Section        0  stm32f4xx_hal_i2c.o(i.I2C_MasterRequestWrite)
    I2C_MasterRequestWrite                   0x08002121   Thumb Code   150  stm32f4xx_hal_i2c.o(i.I2C_MasterRequestWrite)
    i.I2C_WaitOnBTFFlagUntilTimeout          0x080021bc   Section        0  stm32f4xx_hal_i2c.o(i.I2C_WaitOnBTFFlagUntilTimeout)
    I2C_WaitOnBTFFlagUntilTimeout            0x080021bd   Thumb Code    86  stm32f4xx_hal_i2c.o(i.I2C_WaitOnBTFFlagUntilTimeout)
    i.I2C_WaitOnFlagUntilTimeout             0x08002214   Section        0  stm32f4xx_hal_i2c.o(i.I2C_WaitOnFlagUntilTimeout)
    I2C_WaitOnFlagUntilTimeout               0x08002215   Thumb Code   144  stm32f4xx_hal_i2c.o(i.I2C_WaitOnFlagUntilTimeout)
    i.I2C_WaitOnMasterAddressFlagUntilTimeout 0x080022a4   Section        0  stm32f4xx_hal_i2c.o(i.I2C_WaitOnMasterAddressFlagUntilTimeout)
    I2C_WaitOnMasterAddressFlagUntilTimeout  0x080022a5   Thumb Code   188  stm32f4xx_hal_i2c.o(i.I2C_WaitOnMasterAddressFlagUntilTimeout)
    i.I2C_WaitOnTXEFlagUntilTimeout          0x08002360   Section        0  stm32f4xx_hal_i2c.o(i.I2C_WaitOnTXEFlagUntilTimeout)
    I2C_WaitOnTXEFlagUntilTimeout            0x08002361   Thumb Code    86  stm32f4xx_hal_i2c.o(i.I2C_WaitOnTXEFlagUntilTimeout)
    i.MX_GPIO_Init                           0x080023b8   Section        0  gpio.o(i.MX_GPIO_Init)
    i.MX_I2C1_Init                           0x08002478   Section        0  i2c.o(i.MX_I2C1_Init)
    i.MX_TIM1_Init                           0x080024b8   Section        0  tim.o(i.MX_TIM1_Init)
    i.MX_TIM2_Init                           0x08002590   Section        0  tim.o(i.MX_TIM2_Init)
    i.MX_TIM3_Init                           0x08002638   Section        0  tim.o(i.MX_TIM3_Init)
    i.MX_TIM4_Init                           0x080026e4   Section        0  tim.o(i.MX_TIM4_Init)
    i.MX_TIM7_Init                           0x0800278c   Section        0  tim.o(i.MX_TIM7_Init)
    i.MX_TIM9_Init                           0x080027d4   Section        0  tim.o(i.MX_TIM9_Init)
    i.MX_UART5_Init                          0x0800282c   Section        0  usart.o(i.MX_UART5_Init)
    i.MX_USART2_UART_Init                    0x08002864   Section        0  usart.o(i.MX_USART2_UART_Init)
    i.MX_USART3_UART_Init                    0x0800289c   Section        0  usart.o(i.MX_USART3_UART_Init)
    i.MemManage_Handler                      0x080028d4   Section        0  stm32f4xx_it.o(i.MemManage_Handler)
    i.NMI_Handler                            0x080028d6   Section        0  stm32f4xx_it.o(i.NMI_Handler)
    i.OLED_Clear                             0x080028d8   Section        0  oled.o(i.OLED_Clear)
    i.OLED_ClearArea                         0x08002900   Section        0  oled.o(i.OLED_ClearArea)
    i.OLED_GPIO_Init                         0x0800295c   Section        0  oled.o(i.OLED_GPIO_Init)
    i.OLED_Init                              0x08002972   Section        0  oled.o(i.OLED_Init)
    i.OLED_Pow                               0x08002a0e   Section        0  oled.o(i.OLED_Pow)
    i.OLED_SetCursor                         0x08002a1c   Section        0  oled.o(i.OLED_SetCursor)
    i.OLED_ShowChar                          0x08002a40   Section        0  oled.o(i.OLED_ShowChar)
    i.OLED_ShowFloatNum                      0x08002a7c   Section        0  oled.o(i.OLED_ShowFloatNum)
    i.OLED_ShowImage                         0x08002b60   Section        0  oled.o(i.OLED_ShowImage)
    i.OLED_ShowNum                           0x08002c20   Section        0  oled.o(i.OLED_ShowNum)
    i.OLED_ShowSignedNum                     0x08002c66   Section        0  oled.o(i.OLED_ShowSignedNum)
    i.OLED_Update                            0x08002cc4   Section        0  oled.o(i.OLED_Update)
    i.OLED_WriteCommand                      0x08002cec   Section        0  oled.o(i.OLED_WriteCommand)
    i.OLED_WriteData                         0x08002d0c   Section        0  oled.o(i.OLED_WriteData)
    i.PID_Init                               0x08002d50   Section        0  pid.o(i.PID_Init)
    i.PID_Positional_out                     0x08002d7a   Section        0  pid.o(i.PID_Positional_out)
    i.PendSV_Handler                         0x08002e42   Section        0  stm32f4xx_it.o(i.PendSV_Handler)
    i.SVC_Handler                            0x08002e44   Section        0  stm32f4xx_it.o(i.SVC_Handler)
    i.Set_4_Speed                            0x08002e48   Section        0  motor.o(i.Set_4_Speed)
    i.Set_Speed                              0x08002e84   Section        0  motor.o(i.Set_Speed)
    i.SysTick_Handler                        0x08002ee4   Section        0  stm32f4xx_it.o(i.SysTick_Handler)
    i.SystemClock_Config                     0x08002ee8   Section        0  main.o(i.SystemClock_Config)
    i.SystemInit                             0x08002f7c   Section        0  system_stm32f4xx.o(i.SystemInit)
    i.TIM7_IRQHandler                        0x08002f8c   Section        0  stm32f4xx_it.o(i.TIM7_IRQHandler)
    i.TIM_Base_SetConfig                     0x08002f98   Section        0  stm32f4xx_hal_tim.o(i.TIM_Base_SetConfig)
    i.TIM_CCxChannelCmd                      0x08003068   Section        0  stm32f4xx_hal_tim.o(i.TIM_CCxChannelCmd)
    i.TIM_ETR_SetConfig                      0x08003082   Section        0  stm32f4xx_hal_tim.o(i.TIM_ETR_SetConfig)
    i.TIM_ITRx_SetConfig                     0x08003096   Section        0  stm32f4xx_hal_tim.o(i.TIM_ITRx_SetConfig)
    TIM_ITRx_SetConfig                       0x08003097   Thumb Code    16  stm32f4xx_hal_tim.o(i.TIM_ITRx_SetConfig)
    i.TIM_OC1_SetConfig                      0x080030a8   Section        0  stm32f4xx_hal_tim.o(i.TIM_OC1_SetConfig)
    TIM_OC1_SetConfig                        0x080030a9   Thumb Code    88  stm32f4xx_hal_tim.o(i.TIM_OC1_SetConfig)
    i.TIM_OC2_SetConfig                      0x08003108   Section        0  stm32f4xx_hal_tim.o(i.TIM_OC2_SetConfig)
    i.TIM_OC3_SetConfig                      0x08003174   Section        0  stm32f4xx_hal_tim.o(i.TIM_OC3_SetConfig)
    TIM_OC3_SetConfig                        0x08003175   Thumb Code    96  stm32f4xx_hal_tim.o(i.TIM_OC3_SetConfig)
    i.TIM_OC4_SetConfig                      0x080031dc   Section        0  stm32f4xx_hal_tim.o(i.TIM_OC4_SetConfig)
    TIM_OC4_SetConfig                        0x080031dd   Thumb Code    70  stm32f4xx_hal_tim.o(i.TIM_OC4_SetConfig)
    i.TIM_TI1_ConfigInputStage               0x0800322c   Section        0  stm32f4xx_hal_tim.o(i.TIM_TI1_ConfigInputStage)
    TIM_TI1_ConfigInputStage                 0x0800322d   Thumb Code    34  stm32f4xx_hal_tim.o(i.TIM_TI1_ConfigInputStage)
    i.TIM_TI2_ConfigInputStage               0x0800324e   Section        0  stm32f4xx_hal_tim.o(i.TIM_TI2_ConfigInputStage)
    TIM_TI2_ConfigInputStage                 0x0800324f   Thumb Code    36  stm32f4xx_hal_tim.o(i.TIM_TI2_ConfigInputStage)
    i.UART5_IRQHandler                       0x08003274   Section        0  stm32f4xx_it.o(i.UART5_IRQHandler)
    i.UART_DMAAbortOnError                   0x08003280   Section        0  stm32f4xx_hal_uart.o(i.UART_DMAAbortOnError)
    UART_DMAAbortOnError                     0x08003281   Thumb Code    14  stm32f4xx_hal_uart.o(i.UART_DMAAbortOnError)
    i.UART_EndRxTransfer                     0x0800328e   Section        0  stm32f4xx_hal_uart.o(i.UART_EndRxTransfer)
    UART_EndRxTransfer                       0x0800328f   Thumb Code    78  stm32f4xx_hal_uart.o(i.UART_EndRxTransfer)
    i.UART_Receive_IT                        0x080032dc   Section        0  stm32f4xx_hal_uart.o(i.UART_Receive_IT)
    UART_Receive_IT                          0x080032dd   Thumb Code   194  stm32f4xx_hal_uart.o(i.UART_Receive_IT)
    i.UART_SetConfig                         0x080033a0   Section        0  stm32f4xx_hal_uart.o(i.UART_SetConfig)
    UART_SetConfig                           0x080033a1   Thumb Code   258  stm32f4xx_hal_uart.o(i.UART_SetConfig)
    i.UART_Start_Receive_IT                  0x080034ac   Section        0  stm32f4xx_hal_uart.o(i.UART_Start_Receive_IT)
    i.UART_WaitOnFlagUntilTimeout            0x080034e2   Section        0  stm32f4xx_hal_uart.o(i.UART_WaitOnFlagUntilTimeout)
    UART_WaitOnFlagUntilTimeout              0x080034e3   Thumb Code   114  stm32f4xx_hal_uart.o(i.UART_WaitOnFlagUntilTimeout)
    i.USART2_IRQHandler                      0x08003554   Section        0  stm32f4xx_it.o(i.USART2_IRQHandler)
    i.USART3_IRQHandler                      0x08003560   Section        0  stm32f4xx_it.o(i.USART3_IRQHandler)
    i.UsageFault_Handler                     0x0800356c   Section        0  stm32f4xx_it.o(i.UsageFault_Handler)
    i.__NVIC_SetPriority                     0x0800356e   Section        0  stm32f4xx_hal_cortex.o(i.__NVIC_SetPriority)
    __NVIC_SetPriority                       0x0800356f   Thumb Code    32  stm32f4xx_hal_cortex.o(i.__NVIC_SetPriority)
    i.__hardfp_round                         0x08003590   Section        0  round.o(i.__hardfp_round)
    i.jy61p_ReceiveData                      0x08003670   Section        0  jy61p.o(i.jy61p_ReceiveData)
    i.main                                   0x0800372c   Section        0  main.o(i.main)
    i.usart_SendCmd                          0x08003b18   Section        0  emm_v5.o(i.usart_SendCmd)
    x$fpl$basic                              0x08003b28   Section       24  basic.o(x$fpl$basic)
    $v0                                      0x08003b28   Number         0  basic.o(x$fpl$basic)
    x$fpl$dadd                               0x08003b40   Section      336  daddsub_clz.o(x$fpl$dadd)
    $v0                                      0x08003b40   Number         0  daddsub_clz.o(x$fpl$dadd)
    _dadd1                                   0x08003b51   Thumb Code     0  daddsub_clz.o(x$fpl$dadd)
    x$fpl$dcmpinf                            0x08003c90   Section       24  dcmpi.o(x$fpl$dcmpinf)
    $v0                                      0x08003c90   Number         0  dcmpi.o(x$fpl$dcmpinf)
    x$fpl$dfixu                              0x08003ca8   Section       90  dfixu.o(x$fpl$dfixu)
    $v0                                      0x08003ca8   Number         0  dfixu.o(x$fpl$dfixu)
    x$fpl$dfltu                              0x08003d02   Section       38  dflt_clz.o(x$fpl$dfltu)
    $v0                                      0x08003d02   Number         0  dflt_clz.o(x$fpl$dfltu)
    x$fpl$dleqf                              0x08003d28   Section      120  dleqf.o(x$fpl$dleqf)
    $v0                                      0x08003d28   Number         0  dleqf.o(x$fpl$dleqf)
    x$fpl$dmul                               0x08003da0   Section      340  dmul.o(x$fpl$dmul)
    $v0                                      0x08003da0   Number         0  dmul.o(x$fpl$dmul)
    x$fpl$dnaninf                            0x08003ef4   Section      156  dnaninf.o(x$fpl$dnaninf)
    $v0                                      0x08003ef4   Number         0  dnaninf.o(x$fpl$dnaninf)
    x$fpl$dretinf                            0x08003f90   Section       12  dretinf.o(x$fpl$dretinf)
    $v0                                      0x08003f90   Number         0  dretinf.o(x$fpl$dretinf)
    x$fpl$drleqf                             0x08003f9c   Section      108  drleqf.o(x$fpl$drleqf)
    $v0                                      0x08003f9c   Number         0  drleqf.o(x$fpl$drleqf)
    x$fpl$drnd                               0x08004008   Section      180  drnd.o(x$fpl$drnd)
    $v0                                      0x08004008   Number         0  drnd.o(x$fpl$drnd)
    x$fpl$drsb                               0x080040bc   Section       22  daddsub_clz.o(x$fpl$drsb)
    $v0                                      0x080040bc   Number         0  daddsub_clz.o(x$fpl$drsb)
    x$fpl$dsub                               0x080040d4   Section      468  daddsub_clz.o(x$fpl$dsub)
    $v0                                      0x080040d4   Number         0  daddsub_clz.o(x$fpl$dsub)
    _dsub1                                   0x080040e5   Thumb Code     0  daddsub_clz.o(x$fpl$dsub)
    x$fpl$f2d                                0x080042a8   Section       86  f2d.o(x$fpl$f2d)
    $v0                                      0x080042a8   Number         0  f2d.o(x$fpl$f2d)
    x$fpl$fnaninf                            0x080042fe   Section      140  fnaninf.o(x$fpl$fnaninf)
    $v0                                      0x080042fe   Number         0  fnaninf.o(x$fpl$fnaninf)
    x$fpl$fpinit                             0x0800438a   Section       10  fpinit.o(x$fpl$fpinit)
    $v0                                      0x0800438a   Number         0  fpinit.o(x$fpl$fpinit)
    .constdata                               0x08004394   Section       16  system_stm32f4xx.o(.constdata)
    x$fpl$usenofp                            0x08004394   Section        0  usenofp.o(x$fpl$usenofp)
    .constdata                               0x080043a4   Section        8  system_stm32f4xx.o(.constdata)
    .constdata                               0x080043ac   Section     1520  oled_data.o(.constdata)
    .constdata                               0x0800499c   Section      570  oled_data.o(.constdata)
    .data                                    0x20000000   Section        2  main.o(.data)
    .data                                    0x20000002   Section        2  main.o(.data)
    .data                                    0x20000004   Section       20  usart.o(.data)
    CamRxIndex                               0x20000006   Data           1  usart.o(.data)
    CamRxBuffer                              0x20000010   Data           8  usart.o(.data)
    .data                                    0x20000018   Section       12  stm32f4xx_hal.o(.data)
    .data                                    0x20000024   Section        4  system_stm32f4xx.o(.data)
    .data                                    0x20000028   Section       16  jy61p.o(.data)
    RxIndex                                  0x20000029   Data           1  jy61p.o(.data)
    .data                                    0x20000038   Section        6  pid.o(.data)
    .bss                                     0x20000040   Section       84  i2c.o(.bss)
    .bss                                     0x20000094   Section      432  tim.o(.bss)
    .bss                                     0x20000244   Section      216  usart.o(.bss)
    .bss                                     0x2000031c   Section     1024  oled.o(.bss)
    .bss                                     0x2000071c   Section       11  jy61p.o(.bss)
    RxBuffer                                 0x2000071c   Data          11  jy61p.o(.bss)
    .bss                                     0x20000728   Section      204  pid.o(.bss)
    .bss                                     0x200007f4   Section       96  libspace.o(.bss)
    HEAP                                     0x20000858   Section      512  startup_stm32f407xx.o(HEAP)
    Heap_Mem                                 0x20000858   Data         512  startup_stm32f407xx.o(HEAP)
    STACK                                    0x20000a58   Section     1024  startup_stm32f407xx.o(STACK)
    Stack_Mem                                0x20000a58   Data        1024  startup_stm32f407xx.o(STACK)
    __initial_sp                             0x20000e58   Data           0  startup_stm32f407xx.o(STACK)

    Global Symbols

    Symbol Name                              Value     Ov Type        Size  Object(Section)

    BuildAttributes$$THM_ISAv4$E$P$D$K$B$S$7EM$VFPi3$EXTD16$VFPS$VFMA$PE$A:L22UL41UL21$X:L11$S22US41US21$IEEE1$IW$USESV6$~STKCKD$USESV7$~SHL$OTIME$ROPI$IEEEX$EBA8$UX$STANDARDLIB$REQ8$PRES8$EABIv2 0x00000000   Number         0  anon$$obj.o ABSOLUTE
    __ARM_use_no_argv                        0x00000000   Number         0  main.o ABSOLUTE
    _printf_flags                            0x00000000   Number         0  printf_stubs.o ABSOLUTE
    _printf_return_value                     0x00000000   Number         0  printf_stubs.o ABSOLUTE
    _printf_sizespec                         0x00000000   Number         0  printf_stubs.o ABSOLUTE
    _printf_widthprec                        0x00000000   Number         0  printf_stubs.o ABSOLUTE
    __ARM_exceptions_init                     - Undefined Weak Reference
    __alloca_initialize                       - Undefined Weak Reference
    __arm_fini_                               - Undefined Weak Reference
    __arm_preinit_                            - Undefined Weak Reference
    __cpp_initialize__aeabi_                  - Undefined Weak Reference
    __cxa_finalize                            - Undefined Weak Reference
    __sigvec_lookup                           - Undefined Weak Reference
    __user_heap_extent                        - Undefined Weak Reference
    _atexit_init                              - Undefined Weak Reference
    _call_atexit_fns                          - Undefined Weak Reference
    _clock_init                               - Undefined Weak Reference
    _fp_trap_init                             - Undefined Weak Reference
    _fp_trap_shutdown                         - Undefined Weak Reference
    _get_lc_collate                           - Undefined Weak Reference
    _get_lc_monetary                          - Undefined Weak Reference
    _get_lc_time                              - Undefined Weak Reference
    _getenv_init                              - Undefined Weak Reference
    _handle_redirection                       - Undefined Weak Reference
    _initio                                   - Undefined Weak Reference
    _mutex_acquire                            - Undefined Weak Reference
    _mutex_free                               - Undefined Weak Reference
    _mutex_release                            - Undefined Weak Reference
    _printf_mbtowc                            - Undefined Weak Reference
    _printf_wc                                - Undefined Weak Reference
    _rand_init                                - Undefined Weak Reference
    _signal_finish                            - Undefined Weak Reference
    _signal_init                              - Undefined Weak Reference
    _terminateio                              - Undefined Weak Reference
    __Vectors_Size                           0x00000188   Number         0  startup_stm32f407xx.o ABSOLUTE
    __Vectors                                0x08000000   Data           4  startup_stm32f407xx.o(RESET)
    __Vectors_End                            0x08000188   Data           0  startup_stm32f407xx.o(RESET)
    __main                                   0x08000189   Thumb Code     8  __main.o(!!!main)
    __scatterload                            0x08000191   Thumb Code     0  __scatter.o(!!!scatter)
    __scatterload_rt2                        0x08000191   Thumb Code    44  __scatter.o(!!!scatter)
    __scatterload_rt2_thumb_only             0x08000191   Thumb Code     0  __scatter.o(!!!scatter)
    __scatterload_null                       0x0800019f   Thumb Code     0  __scatter.o(!!!scatter)
    __scatterload_copy                       0x080001c5   Thumb Code    26  __scatter_copy.o(!!handler_copy)
    __scatterload_zeroinit                   0x080001e1   Thumb Code    28  __scatter_zi.o(!!handler_zi)
    __rt_lib_init                            0x080001fd   Thumb Code     0  libinit.o(.ARM.Collect$$libinit$$00000000)
    __rt_lib_init_fp_1                       0x080001ff   Thumb Code     0  libinit2.o(.ARM.Collect$$libinit$$00000001)
    __rt_lib_init_heap_2                     0x08000203   Thumb Code     0  libinit2.o(.ARM.Collect$$libinit$$00000005)
    __rt_lib_init_preinit_1                  0x08000203   Thumb Code     0  libinit2.o(.ARM.Collect$$libinit$$00000004)
    __rt_lib_init_alloca_1                   0x0800020b   Thumb Code     0  libinit2.o(.ARM.Collect$$libinit$$0000002E)
    __rt_lib_init_argv_1                     0x0800020b   Thumb Code     0  libinit2.o(.ARM.Collect$$libinit$$0000002C)
    __rt_lib_init_atexit_1                   0x0800020b   Thumb Code     0  libinit2.o(.ARM.Collect$$libinit$$0000001B)
    __rt_lib_init_clock_1                    0x0800020b   Thumb Code     0  libinit2.o(.ARM.Collect$$libinit$$00000021)
    __rt_lib_init_cpp_1                      0x0800020b   Thumb Code     0  libinit2.o(.ARM.Collect$$libinit$$00000032)
    __rt_lib_init_exceptions_1               0x0800020b   Thumb Code     0  libinit2.o(.ARM.Collect$$libinit$$00000030)
    __rt_lib_init_fp_trap_1                  0x0800020b   Thumb Code     0  libinit2.o(.ARM.Collect$$libinit$$0000001F)
    __rt_lib_init_getenv_1                   0x0800020b   Thumb Code     0  libinit2.o(.ARM.Collect$$libinit$$00000023)
    __rt_lib_init_heap_1                     0x0800020b   Thumb Code     0  libinit2.o(.ARM.Collect$$libinit$$0000000A)
    __rt_lib_init_lc_collate_1               0x0800020b   Thumb Code     0  libinit2.o(.ARM.Collect$$libinit$$00000011)
    __rt_lib_init_lc_ctype_1                 0x0800020b   Thumb Code     0  libinit2.o(.ARM.Collect$$libinit$$00000013)
    __rt_lib_init_lc_monetary_1              0x0800020b   Thumb Code     0  libinit2.o(.ARM.Collect$$libinit$$00000015)
    __rt_lib_init_lc_numeric_1               0x0800020b   Thumb Code     0  libinit2.o(.ARM.Collect$$libinit$$00000017)
    __rt_lib_init_lc_time_1                  0x0800020b   Thumb Code     0  libinit2.o(.ARM.Collect$$libinit$$00000019)
    __rt_lib_init_rand_1                     0x0800020b   Thumb Code     0  libinit2.o(.ARM.Collect$$libinit$$0000000E)
    __rt_lib_init_return                     0x0800020b   Thumb Code     0  libinit2.o(.ARM.Collect$$libinit$$00000033)
    __rt_lib_init_signal_1                   0x0800020b   Thumb Code     0  libinit2.o(.ARM.Collect$$libinit$$0000001D)
    __rt_lib_init_stdio_1                    0x0800020b   Thumb Code     0  libinit2.o(.ARM.Collect$$libinit$$00000025)
    __rt_lib_init_user_alloc_1               0x0800020b   Thumb Code     0  libinit2.o(.ARM.Collect$$libinit$$0000000C)
    __rt_lib_shutdown                        0x0800020d   Thumb Code     0  libshutdown.o(.ARM.Collect$$libshutdown$$00000000)
    __rt_lib_shutdown_cpp_1                  0x0800020f   Thumb Code     0  libshutdown2.o(.ARM.Collect$$libshutdown$$00000004)
    __rt_lib_shutdown_fini_1                 0x0800020f   Thumb Code     0  libshutdown2.o(.ARM.Collect$$libshutdown$$00000002)
    __rt_lib_shutdown_fp_trap_1              0x0800020f   Thumb Code     0  libshutdown2.o(.ARM.Collect$$libshutdown$$00000009)
    __rt_lib_shutdown_heap_1                 0x0800020f   Thumb Code     0  libshutdown2.o(.ARM.Collect$$libshutdown$$00000011)
    __rt_lib_shutdown_return                 0x0800020f   Thumb Code     0  libshutdown2.o(.ARM.Collect$$libshutdown$$00000012)
    __rt_lib_shutdown_signal_1               0x0800020f   Thumb Code     0  libshutdown2.o(.ARM.Collect$$libshutdown$$0000000C)
    __rt_lib_shutdown_stdio_1                0x0800020f   Thumb Code     0  libshutdown2.o(.ARM.Collect$$libshutdown$$00000006)
    __rt_lib_shutdown_user_alloc_1           0x0800020f   Thumb Code     0  libshutdown2.o(.ARM.Collect$$libshutdown$$0000000E)
    __rt_entry                               0x08000211   Thumb Code     0  __rtentry.o(.ARM.Collect$$rtentry$$00000000)
    __rt_entry_presh_1                       0x08000211   Thumb Code     0  __rtentry2.o(.ARM.Collect$$rtentry$$00000002)
    __rt_entry_sh                            0x08000211   Thumb Code     0  __rtentry4.o(.ARM.Collect$$rtentry$$00000004)
    __rt_entry_li                            0x08000217   Thumb Code     0  __rtentry2.o(.ARM.Collect$$rtentry$$0000000A)
    __rt_entry_postsh_1                      0x08000217   Thumb Code     0  __rtentry2.o(.ARM.Collect$$rtentry$$00000009)
    __rt_entry_main                          0x0800021b   Thumb Code     0  __rtentry2.o(.ARM.Collect$$rtentry$$0000000D)
    __rt_entry_postli_1                      0x0800021b   Thumb Code     0  __rtentry2.o(.ARM.Collect$$rtentry$$0000000C)
    __rt_exit                                0x08000223   Thumb Code     0  rtexit.o(.ARM.Collect$$rtexit$$00000000)
    __rt_exit_ls                             0x08000225   Thumb Code     0  rtexit2.o(.ARM.Collect$$rtexit$$00000003)
    __rt_exit_prels_1                        0x08000225   Thumb Code     0  rtexit2.o(.ARM.Collect$$rtexit$$00000002)
    __rt_exit_exit                           0x08000229   Thumb Code     0  rtexit2.o(.ARM.Collect$$rtexit$$00000004)
    Reset_Handler                            0x08000231   Thumb Code     8  startup_stm32f407xx.o(.text)
    _maybe_terminate_alloc                   0x08000231   Thumb Code     0  maybetermalloc1.o(.emb_text)
    ADC_IRQHandler                           0x0800024b   Thumb Code     0  startup_stm32f407xx.o(.text)
    CAN1_RX0_IRQHandler                      0x0800024b   Thumb Code     0  startup_stm32f407xx.o(.text)
    CAN1_RX1_IRQHandler                      0x0800024b   Thumb Code     0  startup_stm32f407xx.o(.text)
    CAN1_SCE_IRQHandler                      0x0800024b   Thumb Code     0  startup_stm32f407xx.o(.text)
    CAN1_TX_IRQHandler                       0x0800024b   Thumb Code     0  startup_stm32f407xx.o(.text)
    CAN2_RX0_IRQHandler                      0x0800024b   Thumb Code     0  startup_stm32f407xx.o(.text)
    CAN2_RX1_IRQHandler                      0x0800024b   Thumb Code     0  startup_stm32f407xx.o(.text)
    CAN2_SCE_IRQHandler                      0x0800024b   Thumb Code     0  startup_stm32f407xx.o(.text)
    CAN2_TX_IRQHandler                       0x0800024b   Thumb Code     0  startup_stm32f407xx.o(.text)
    DCMI_IRQHandler                          0x0800024b   Thumb Code     0  startup_stm32f407xx.o(.text)
    DMA1_Stream0_IRQHandler                  0x0800024b   Thumb Code     0  startup_stm32f407xx.o(.text)
    DMA1_Stream1_IRQHandler                  0x0800024b   Thumb Code     0  startup_stm32f407xx.o(.text)
    DMA1_Stream2_IRQHandler                  0x0800024b   Thumb Code     0  startup_stm32f407xx.o(.text)
    DMA1_Stream3_IRQHandler                  0x0800024b   Thumb Code     0  startup_stm32f407xx.o(.text)
    DMA1_Stream4_IRQHandler                  0x0800024b   Thumb Code     0  startup_stm32f407xx.o(.text)
    DMA1_Stream5_IRQHandler                  0x0800024b   Thumb Code     0  startup_stm32f407xx.o(.text)
    DMA1_Stream6_IRQHandler                  0x0800024b   Thumb Code     0  startup_stm32f407xx.o(.text)
    DMA1_Stream7_IRQHandler                  0x0800024b   Thumb Code     0  startup_stm32f407xx.o(.text)
    DMA2_Stream0_IRQHandler                  0x0800024b   Thumb Code     0  startup_stm32f407xx.o(.text)
    DMA2_Stream1_IRQHandler                  0x0800024b   Thumb Code     0  startup_stm32f407xx.o(.text)
    DMA2_Stream2_IRQHandler                  0x0800024b   Thumb Code     0  startup_stm32f407xx.o(.text)
    DMA2_Stream3_IRQHandler                  0x0800024b   Thumb Code     0  startup_stm32f407xx.o(.text)
    DMA2_Stream4_IRQHandler                  0x0800024b   Thumb Code     0  startup_stm32f407xx.o(.text)
    DMA2_Stream5_IRQHandler                  0x0800024b   Thumb Code     0  startup_stm32f407xx.o(.text)
    DMA2_Stream6_IRQHandler                  0x0800024b   Thumb Code     0  startup_stm32f407xx.o(.text)
    DMA2_Stream7_IRQHandler                  0x0800024b   Thumb Code     0  startup_stm32f407xx.o(.text)
    ETH_IRQHandler                           0x0800024b   Thumb Code     0  startup_stm32f407xx.o(.text)
    ETH_WKUP_IRQHandler                      0x0800024b   Thumb Code     0  startup_stm32f407xx.o(.text)
    EXTI0_IRQHandler                         0x0800024b   Thumb Code     0  startup_stm32f407xx.o(.text)
    EXTI15_10_IRQHandler                     0x0800024b   Thumb Code     0  startup_stm32f407xx.o(.text)
    EXTI1_IRQHandler                         0x0800024b   Thumb Code     0  startup_stm32f407xx.o(.text)
    EXTI2_IRQHandler                         0x0800024b   Thumb Code     0  startup_stm32f407xx.o(.text)
    EXTI3_IRQHandler                         0x0800024b   Thumb Code     0  startup_stm32f407xx.o(.text)
    EXTI4_IRQHandler                         0x0800024b   Thumb Code     0  startup_stm32f407xx.o(.text)
    EXTI9_5_IRQHandler                       0x0800024b   Thumb Code     0  startup_stm32f407xx.o(.text)
    FLASH_IRQHandler                         0x0800024b   Thumb Code     0  startup_stm32f407xx.o(.text)
    FMC_IRQHandler                           0x0800024b   Thumb Code     0  startup_stm32f407xx.o(.text)
    FPU_IRQHandler                           0x0800024b   Thumb Code     0  startup_stm32f407xx.o(.text)
    HASH_RNG_IRQHandler                      0x0800024b   Thumb Code     0  startup_stm32f407xx.o(.text)
    I2C1_ER_IRQHandler                       0x0800024b   Thumb Code     0  startup_stm32f407xx.o(.text)
    I2C1_EV_IRQHandler                       0x0800024b   Thumb Code     0  startup_stm32f407xx.o(.text)
    I2C2_ER_IRQHandler                       0x0800024b   Thumb Code     0  startup_stm32f407xx.o(.text)
    I2C2_EV_IRQHandler                       0x0800024b   Thumb Code     0  startup_stm32f407xx.o(.text)
    I2C3_ER_IRQHandler                       0x0800024b   Thumb Code     0  startup_stm32f407xx.o(.text)
    I2C3_EV_IRQHandler                       0x0800024b   Thumb Code     0  startup_stm32f407xx.o(.text)
    OTG_FS_IRQHandler                        0x0800024b   Thumb Code     0  startup_stm32f407xx.o(.text)
    OTG_FS_WKUP_IRQHandler                   0x0800024b   Thumb Code     0  startup_stm32f407xx.o(.text)
    OTG_HS_EP1_IN_IRQHandler                 0x0800024b   Thumb Code     0  startup_stm32f407xx.o(.text)
    OTG_HS_EP1_OUT_IRQHandler                0x0800024b   Thumb Code     0  startup_stm32f407xx.o(.text)
    OTG_HS_IRQHandler                        0x0800024b   Thumb Code     0  startup_stm32f407xx.o(.text)
    OTG_HS_WKUP_IRQHandler                   0x0800024b   Thumb Code     0  startup_stm32f407xx.o(.text)
    PVD_IRQHandler                           0x0800024b   Thumb Code     0  startup_stm32f407xx.o(.text)
    RCC_IRQHandler                           0x0800024b   Thumb Code     0  startup_stm32f407xx.o(.text)
    RTC_Alarm_IRQHandler                     0x0800024b   Thumb Code     0  startup_stm32f407xx.o(.text)
    RTC_WKUP_IRQHandler                      0x0800024b   Thumb Code     0  startup_stm32f407xx.o(.text)
    SDIO_IRQHandler                          0x0800024b   Thumb Code     0  startup_stm32f407xx.o(.text)
    SPI1_IRQHandler                          0x0800024b   Thumb Code     0  startup_stm32f407xx.o(.text)
    SPI2_IRQHandler                          0x0800024b   Thumb Code     0  startup_stm32f407xx.o(.text)
    SPI3_IRQHandler                          0x0800024b   Thumb Code     0  startup_stm32f407xx.o(.text)
    TAMP_STAMP_IRQHandler                    0x0800024b   Thumb Code     0  startup_stm32f407xx.o(.text)
    TIM1_BRK_TIM9_IRQHandler                 0x0800024b   Thumb Code     0  startup_stm32f407xx.o(.text)
    TIM1_CC_IRQHandler                       0x0800024b   Thumb Code     0  startup_stm32f407xx.o(.text)
    TIM1_TRG_COM_TIM11_IRQHandler            0x0800024b   Thumb Code     0  startup_stm32f407xx.o(.text)
    TIM1_UP_TIM10_IRQHandler                 0x0800024b   Thumb Code     0  startup_stm32f407xx.o(.text)
    TIM2_IRQHandler                          0x0800024b   Thumb Code     0  startup_stm32f407xx.o(.text)
    TIM3_IRQHandler                          0x0800024b   Thumb Code     0  startup_stm32f407xx.o(.text)
    TIM4_IRQHandler                          0x0800024b   Thumb Code     0  startup_stm32f407xx.o(.text)
    TIM5_IRQHandler                          0x0800024b   Thumb Code     0  startup_stm32f407xx.o(.text)
    TIM6_DAC_IRQHandler                      0x0800024b   Thumb Code     0  startup_stm32f407xx.o(.text)
    TIM8_BRK_TIM12_IRQHandler                0x0800024b   Thumb Code     0  startup_stm32f407xx.o(.text)
    TIM8_CC_IRQHandler                       0x0800024b   Thumb Code     0  startup_stm32f407xx.o(.text)
    TIM8_TRG_COM_TIM14_IRQHandler            0x0800024b   Thumb Code     0  startup_stm32f407xx.o(.text)
    TIM8_UP_TIM13_IRQHandler                 0x0800024b   Thumb Code     0  startup_stm32f407xx.o(.text)
    UART4_IRQHandler                         0x0800024b   Thumb Code     0  startup_stm32f407xx.o(.text)
    USART1_IRQHandler                        0x0800024b   Thumb Code     0  startup_stm32f407xx.o(.text)
    USART6_IRQHandler                        0x0800024b   Thumb Code     0  startup_stm32f407xx.o(.text)
    WWDG_IRQHandler                          0x0800024b   Thumb Code     0  startup_stm32f407xx.o(.text)
    __user_initial_stackheap                 0x0800024d   Thumb Code     0  startup_stm32f407xx.o(.text)
    malloc                                   0x08000271   Thumb Code    94  h1_alloc.o(.text)
    free                                     0x080002cf   Thumb Code    78  h1_free.o(.text)
    __aeabi_uldivmod                         0x0800031d   Thumb Code     0  lludivv7m.o(.text)
    _ll_udiv                                 0x0800031d   Thumb Code   238  lludivv7m.o(.text)
    __aeabi_memclr4                          0x0800040b   Thumb Code     0  rt_memclr_w.o(.text)
    __aeabi_memclr8                          0x0800040b   Thumb Code     0  rt_memclr_w.o(.text)
    __rt_memclr_w                            0x0800040b   Thumb Code    78  rt_memclr_w.o(.text)
    _memset_w                                0x0800040f   Thumb Code     0  rt_memclr_w.o(.text)
    __use_two_region_memory                  0x08000459   Thumb Code     2  heapauxi.o(.text)
    __rt_heap_escrow                         0x0800045b   Thumb Code     2  heapauxi.o(.text)
    __rt_heap_expand                         0x0800045d   Thumb Code     2  heapauxi.o(.text)
    __rt_heap_descriptor                     0x08000461   Thumb Code     8  rt_heap_descriptor_intlibspace.o(.text)
    __use_no_heap                            0x08000469   Thumb Code     2  hguard.o(.text)
    __heap$guard                             0x0800046b   Thumb Code     2  hguard.o(.text)
    _terminate_user_alloc                    0x0800046d   Thumb Code     2  init_alloc.o(.text)
    _init_user_alloc                         0x0800046f   Thumb Code     2  init_alloc.o(.text)
    __Heap_Full                              0x08000471   Thumb Code    34  init_alloc.o(.text)
    __Heap_Broken                            0x08000493   Thumb Code     6  init_alloc.o(.text)
    _init_alloc                              0x08000499   Thumb Code    94  init_alloc.o(.text)
    __Heap_Initialize                        0x080004f7   Thumb Code    10  h1_init.o(.text)
    __Heap_DescSize                          0x08000501   Thumb Code     4  h1_init.o(.text)
    __user_libspace                          0x08000505   Thumb Code     8  libspace.o(.text)
    __user_perproc_libspace                  0x08000505   Thumb Code     0  libspace.o(.text)
    __user_perthread_libspace                0x08000505   Thumb Code     0  libspace.o(.text)
    __Heap_ProvideMemory                     0x0800050d   Thumb Code    52  h1_extend.o(.text)
    __rt_SIGRTMEM                            0x08000541   Thumb Code    14  defsig_rtmem_outer.o(.text)
    __I$use$semihosting                      0x0800054f   Thumb Code     0  use_no_semi.o(.text)
    __use_no_semihosting_swi                 0x0800054f   Thumb Code     2  use_no_semi.o(.text)
    __semihosting_library_function           0x08000551   Thumb Code     0  indicate_semi.o(.text)
    __user_setup_stackheap                   0x08000551   Thumb Code    74  sys_stackheap_outer.o(.text)
    exit                                     0x0800059b   Thumb Code    18  exit.o(.text)
    __sig_exit                               0x080005ad   Thumb Code    10  defsig_exit.o(.text)
    __rt_SIGRTMEM_inner                      0x080005b9   Thumb Code    22  defsig_rtmem_inner.o(.text)
    _sys_exit                                0x08000609   Thumb Code     8  sys_exit.o(.text)
    __default_signal_display                 0x08000615   Thumb Code    50  defsig_general.o(.text)
    _ttywrch                                 0x08000647   Thumb Code    14  sys_wrch.o(.text)
    BusFault_Handler                         0x08000655   Thumb Code     2  stm32f4xx_it.o(i.BusFault_Handler)
    DebugMon_Handler                         0x08000657   Thumb Code     2  stm32f4xx_it.o(i.DebugMon_Handler)
    Emm_V5_Vel_Control                       0x08000659   Thumb Code    62  emm_v5.o(i.Emm_V5_Vel_Control)
    Error_Handler                            0x08000697   Thumb Code     4  main.o(i.Error_Handler)
    HAL_DMA_Abort                            0x0800069b   Thumb Code   146  stm32f4xx_hal_dma.o(i.HAL_DMA_Abort)
    HAL_DMA_Abort_IT                         0x0800072d   Thumb Code    36  stm32f4xx_hal_dma.o(i.HAL_DMA_Abort_IT)
    HAL_Delay                                0x08000751   Thumb Code    32  stm32f4xx_hal.o(i.HAL_Delay)
    HAL_GPIO_Init                            0x08000775   Thumb Code   450  stm32f4xx_hal_gpio.o(i.HAL_GPIO_Init)
    HAL_GPIO_ReadPin                         0x08000965   Thumb Code    10  stm32f4xx_hal_gpio.o(i.HAL_GPIO_ReadPin)
    HAL_GetTick                              0x08000971   Thumb Code     6  stm32f4xx_hal.o(i.HAL_GetTick)
    HAL_I2C_Init                             0x0800097d   Thumb Code   376  stm32f4xx_hal_i2c.o(i.HAL_I2C_Init)
    HAL_I2C_Master_Transmit                  0x08000b05   Thumb Code   290  stm32f4xx_hal_i2c.o(i.HAL_I2C_Master_Transmit)
    HAL_I2C_MspInit                          0x08000c31   Thumb Code    94  i2c.o(i.HAL_I2C_MspInit)
    HAL_IncTick                              0x08000c9d   Thumb Code    12  stm32f4xx_hal.o(i.HAL_IncTick)
    HAL_Init                                 0x08000cad   Thumb Code    48  stm32f4xx_hal.o(i.HAL_Init)
    HAL_InitTick                             0x08000ce1   Thumb Code    54  stm32f4xx_hal.o(i.HAL_InitTick)
    HAL_MspInit                              0x08000d21   Thumb Code    42  stm32f4xx_hal_msp.o(i.HAL_MspInit)
    HAL_NVIC_EnableIRQ                       0x08000d51   Thumb Code    26  stm32f4xx_hal_cortex.o(i.HAL_NVIC_EnableIRQ)
    HAL_NVIC_SetPriority                     0x08000d6d   Thumb Code    60  stm32f4xx_hal_cortex.o(i.HAL_NVIC_SetPriority)
    HAL_NVIC_SetPriorityGrouping             0x08000dad   Thumb Code    26  stm32f4xx_hal_cortex.o(i.HAL_NVIC_SetPriorityGrouping)
    HAL_RCC_ClockConfig                      0x08000dd1   Thumb Code   288  stm32f4xx_hal_rcc.o(i.HAL_RCC_ClockConfig)
    HAL_RCC_GetPCLK1Freq                     0x08000f05   Thumb Code    20  stm32f4xx_hal_rcc.o(i.HAL_RCC_GetPCLK1Freq)
    HAL_RCC_GetPCLK2Freq                     0x08000f25   Thumb Code    20  stm32f4xx_hal_rcc.o(i.HAL_RCC_GetPCLK2Freq)
    HAL_RCC_GetSysClockFreq                  0x08000f45   Thumb Code    88  stm32f4xx_hal_rcc.o(i.HAL_RCC_GetSysClockFreq)
    HAL_RCC_OscConfig                        0x08000fa5   Thumb Code   856  stm32f4xx_hal_rcc.o(i.HAL_RCC_OscConfig)
    HAL_SYSTICK_Config                       0x08001311   Thumb Code    40  stm32f4xx_hal_cortex.o(i.HAL_SYSTICK_Config)
    HAL_TIMEx_BreakCallback                  0x08001339   Thumb Code     2  stm32f4xx_hal_tim_ex.o(i.HAL_TIMEx_BreakCallback)
    HAL_TIMEx_CommutCallback                 0x0800133b   Thumb Code     2  stm32f4xx_hal_tim_ex.o(i.HAL_TIMEx_CommutCallback)
    HAL_TIMEx_ConfigBreakDeadTime            0x0800133d   Thumb Code    84  stm32f4xx_hal_tim_ex.o(i.HAL_TIMEx_ConfigBreakDeadTime)
    HAL_TIMEx_MasterConfigSynchronization    0x08001391   Thumb Code   116  stm32f4xx_hal_tim_ex.o(i.HAL_TIMEx_MasterConfigSynchronization)
    HAL_TIM_Base_Init                        0x08001421   Thumb Code    90  stm32f4xx_hal_tim.o(i.HAL_TIM_Base_Init)
    HAL_TIM_Base_MspInit                     0x0800147d   Thumb Code   128  tim.o(i.HAL_TIM_Base_MspInit)
    HAL_TIM_Base_Start_IT                    0x08001511   Thumb Code   100  stm32f4xx_hal_tim.o(i.HAL_TIM_Base_Start_IT)
    HAL_TIM_ConfigClockSource                0x08001591   Thumb Code   220  stm32f4xx_hal_tim.o(i.HAL_TIM_ConfigClockSource)
    HAL_TIM_IC_CaptureCallback               0x0800166d   Thumb Code     2  stm32f4xx_hal_tim.o(i.HAL_TIM_IC_CaptureCallback)
    HAL_TIM_IRQHandler                       0x0800166f   Thumb Code   304  stm32f4xx_hal_tim.o(i.HAL_TIM_IRQHandler)
    HAL_TIM_MspPostInit                      0x080017a1   Thumb Code   216  tim.o(i.HAL_TIM_MspPostInit)
    HAL_TIM_OC_DelayElapsedCallback          0x0800189d   Thumb Code     2  stm32f4xx_hal_tim.o(i.HAL_TIM_OC_DelayElapsedCallback)
    HAL_TIM_PWM_ConfigChannel                0x0800189f   Thumb Code   204  stm32f4xx_hal_tim.o(i.HAL_TIM_PWM_ConfigChannel)
    HAL_TIM_PWM_Init                         0x0800196b   Thumb Code    90  stm32f4xx_hal_tim.o(i.HAL_TIM_PWM_Init)
    HAL_TIM_PWM_MspInit                      0x080019c5   Thumb Code    30  tim.o(i.HAL_TIM_PWM_MspInit)
    HAL_TIM_PWM_PulseFinishedCallback        0x080019ed   Thumb Code     2  stm32f4xx_hal_tim.o(i.HAL_TIM_PWM_PulseFinishedCallback)
    HAL_TIM_PWM_Start                        0x080019f1   Thumb Code   172  stm32f4xx_hal_tim.o(i.HAL_TIM_PWM_Start)
    HAL_TIM_PeriodElapsedCallback            0x08001ab9   Thumb Code   126  pid.o(i.HAL_TIM_PeriodElapsedCallback)
    HAL_TIM_TriggerCallback                  0x08001b55   Thumb Code     2  stm32f4xx_hal_tim.o(i.HAL_TIM_TriggerCallback)
    HAL_UARTEx_RxEventCallback               0x08001b57   Thumb Code     2  stm32f4xx_hal_uart.o(i.HAL_UARTEx_RxEventCallback)
    HAL_UART_ErrorCallback                   0x08001b59   Thumb Code     2  stm32f4xx_hal_uart.o(i.HAL_UART_ErrorCallback)
    HAL_UART_IRQHandler                      0x08001b5d   Thumb Code   636  stm32f4xx_hal_uart.o(i.HAL_UART_IRQHandler)
    HAL_UART_Init                            0x08001ddd   Thumb Code   100  stm32f4xx_hal_uart.o(i.HAL_UART_Init)
    HAL_UART_MspInit                         0x08001e41   Thumb Code   302  usart.o(i.HAL_UART_MspInit)
    HAL_UART_Receive_IT                      0x08001f89   Thumb Code    28  stm32f4xx_hal_uart.o(i.HAL_UART_Receive_IT)
    HAL_UART_RxCpltCallback                  0x08001fa5   Thumb Code   142  usart.o(i.HAL_UART_RxCpltCallback)
    HAL_UART_Transmit                        0x0800204d   Thumb Code   160  stm32f4xx_hal_uart.o(i.HAL_UART_Transmit)
    HAL_UART_TxCpltCallback                  0x080020ed   Thumb Code     2  stm32f4xx_hal_uart.o(i.HAL_UART_TxCpltCallback)
    HardFault_Handler                        0x080020ef   Thumb Code     2  stm32f4xx_it.o(i.HardFault_Handler)
    MX_GPIO_Init                             0x080023b9   Thumb Code   176  gpio.o(i.MX_GPIO_Init)
    MX_I2C1_Init                             0x08002479   Thumb Code    50  i2c.o(i.MX_I2C1_Init)
    MX_TIM1_Init                             0x080024b9   Thumb Code   208  tim.o(i.MX_TIM1_Init)
    MX_TIM2_Init                             0x08002591   Thumb Code   162  tim.o(i.MX_TIM2_Init)
    MX_TIM3_Init                             0x08002639   Thumb Code   162  tim.o(i.MX_TIM3_Init)
    MX_TIM4_Init                             0x080026e5   Thumb Code   160  tim.o(i.MX_TIM4_Init)
    MX_TIM7_Init                             0x0800278d   Thumb Code    62  tim.o(i.MX_TIM7_Init)
    MX_TIM9_Init                             0x080027d5   Thumb Code    80  tim.o(i.MX_TIM9_Init)
    MX_UART5_Init                            0x0800282d   Thumb Code    48  usart.o(i.MX_UART5_Init)
    MX_USART2_UART_Init                      0x08002865   Thumb Code    48  usart.o(i.MX_USART2_UART_Init)
    MX_USART3_UART_Init                      0x0800289d   Thumb Code    48  usart.o(i.MX_USART3_UART_Init)
    MemManage_Handler                        0x080028d5   Thumb Code     2  stm32f4xx_it.o(i.MemManage_Handler)
    NMI_Handler                              0x080028d7   Thumb Code     2  stm32f4xx_it.o(i.NMI_Handler)
    OLED_Clear                               0x080028d9   Thumb Code    34  oled.o(i.OLED_Clear)
    OLED_ClearArea                           0x08002901   Thumb Code    86  oled.o(i.OLED_ClearArea)
    OLED_GPIO_Init                           0x0800295d   Thumb Code    22  oled.o(i.OLED_GPIO_Init)
    OLED_Init                                0x08002973   Thumb Code   156  oled.o(i.OLED_Init)
    OLED_Pow                                 0x08002a0f   Thumb Code    14  oled.o(i.OLED_Pow)
    OLED_SetCursor                           0x08002a1d   Thumb Code    34  oled.o(i.OLED_SetCursor)
    OLED_ShowChar                            0x08002a41   Thumb Code    52  oled.o(i.OLED_ShowChar)
    OLED_ShowFloatNum                        0x08002a7d   Thumb Code   218  oled.o(i.OLED_ShowFloatNum)
    OLED_ShowImage                           0x08002b61   Thumb Code   186  oled.o(i.OLED_ShowImage)
    OLED_ShowNum                             0x08002c21   Thumb Code    70  oled.o(i.OLED_ShowNum)
    OLED_ShowSignedNum                       0x08002c67   Thumb Code    94  oled.o(i.OLED_ShowSignedNum)
    OLED_Update                              0x08002cc5   Thumb Code    34  oled.o(i.OLED_Update)
    OLED_WriteCommand                        0x08002ced   Thumb Code    28  oled.o(i.OLED_WriteCommand)
    OLED_WriteData                           0x08002d0d   Thumb Code    62  oled.o(i.OLED_WriteData)
    PID_Init                                 0x08002d51   Thumb Code    42  pid.o(i.PID_Init)
    PID_Positional_out                       0x08002d7b   Thumb Code   200  pid.o(i.PID_Positional_out)
    PendSV_Handler                           0x08002e43   Thumb Code     2  stm32f4xx_it.o(i.PendSV_Handler)
    SVC_Handler                              0x08002e45   Thumb Code     2  stm32f4xx_it.o(i.SVC_Handler)
    Set_4_Speed                              0x08002e49   Thumb Code    44  motor.o(i.Set_4_Speed)
    Set_Speed                                0x08002e85   Thumb Code    78  motor.o(i.Set_Speed)
    SysTick_Handler                          0x08002ee5   Thumb Code     4  stm32f4xx_it.o(i.SysTick_Handler)
    SystemClock_Config                       0x08002ee9   Thumb Code   138  main.o(i.SystemClock_Config)
    SystemInit                               0x08002f7d   Thumb Code    12  system_stm32f4xx.o(i.SystemInit)
    TIM7_IRQHandler                          0x08002f8d   Thumb Code     6  stm32f4xx_it.o(i.TIM7_IRQHandler)
    TIM_Base_SetConfig                       0x08002f99   Thumb Code   164  stm32f4xx_hal_tim.o(i.TIM_Base_SetConfig)
    TIM_CCxChannelCmd                        0x08003069   Thumb Code    26  stm32f4xx_hal_tim.o(i.TIM_CCxChannelCmd)
    TIM_ETR_SetConfig                        0x08003083   Thumb Code    20  stm32f4xx_hal_tim.o(i.TIM_ETR_SetConfig)
    TIM_OC2_SetConfig                        0x08003109   Thumb Code    98  stm32f4xx_hal_tim.o(i.TIM_OC2_SetConfig)
    UART5_IRQHandler                         0x08003275   Thumb Code     6  stm32f4xx_it.o(i.UART5_IRQHandler)
    UART_Start_Receive_IT                    0x080034ad   Thumb Code    54  stm32f4xx_hal_uart.o(i.UART_Start_Receive_IT)
    USART2_IRQHandler                        0x08003555   Thumb Code     6  stm32f4xx_it.o(i.USART2_IRQHandler)
    USART3_IRQHandler                        0x08003561   Thumb Code     6  stm32f4xx_it.o(i.USART3_IRQHandler)
    UsageFault_Handler                       0x0800356d   Thumb Code     2  stm32f4xx_it.o(i.UsageFault_Handler)
    __hardfp_round                           0x08003591   Thumb Code   194  round.o(i.__hardfp_round)
    jy61p_ReceiveData                        0x08003671   Thumb Code   172  jy61p.o(i.jy61p_ReceiveData)
    main                                     0x0800372d   Thumb Code   886  main.o(i.main)
    usart_SendCmd                            0x08003b19   Thumb Code    12  emm_v5.o(i.usart_SendCmd)
    __aeabi_dneg                             0x08003b29   Thumb Code     0  basic.o(x$fpl$basic)
    _dneg                                    0x08003b29   Thumb Code     6  basic.o(x$fpl$basic)
    __aeabi_fneg                             0x08003b2f   Thumb Code     0  basic.o(x$fpl$basic)
    _fneg                                    0x08003b2f   Thumb Code     6  basic.o(x$fpl$basic)
    _dabs                                    0x08003b35   Thumb Code     6  basic.o(x$fpl$basic)
    _fabs                                    0x08003b3b   Thumb Code     6  basic.o(x$fpl$basic)
    __aeabi_dadd                             0x08003b41   Thumb Code     0  daddsub_clz.o(x$fpl$dadd)
    _dadd                                    0x08003b41   Thumb Code   332  daddsub_clz.o(x$fpl$dadd)
    __fpl_dcmp_Inf                           0x08003c91   Thumb Code    24  dcmpi.o(x$fpl$dcmpinf)
    __aeabi_d2uiz                            0x08003ca9   Thumb Code     0  dfixu.o(x$fpl$dfixu)
    _dfixu                                   0x08003ca9   Thumb Code    90  dfixu.o(x$fpl$dfixu)
    __aeabi_ui2d                             0x08003d03   Thumb Code     0  dflt_clz.o(x$fpl$dfltu)
    _dfltu                                   0x08003d03   Thumb Code    38  dflt_clz.o(x$fpl$dfltu)
    __aeabi_cdcmple                          0x08003d29   Thumb Code     0  dleqf.o(x$fpl$dleqf)
    _dcmple                                  0x08003d29   Thumb Code   120  dleqf.o(x$fpl$dleqf)
    __fpl_dcmple_InfNaN                      0x08003d8b   Thumb Code     0  dleqf.o(x$fpl$dleqf)
    __aeabi_dmul                             0x08003da1   Thumb Code     0  dmul.o(x$fpl$dmul)
    _dmul                                    0x08003da1   Thumb Code   332  dmul.o(x$fpl$dmul)
    __fpl_dnaninf                            0x08003ef5   Thumb Code   156  dnaninf.o(x$fpl$dnaninf)
    __fpl_dretinf                            0x08003f91   Thumb Code    12  dretinf.o(x$fpl$dretinf)
    __aeabi_cdrcmple                         0x08003f9d   Thumb Code     0  drleqf.o(x$fpl$drleqf)
    _drcmple                                 0x08003f9d   Thumb Code   108  drleqf.o(x$fpl$drleqf)
    _drnd                                    0x08004009   Thumb Code   180  drnd.o(x$fpl$drnd)
    __aeabi_drsub                            0x080040bd   Thumb Code     0  daddsub_clz.o(x$fpl$drsb)
    _drsb                                    0x080040bd   Thumb Code    22  daddsub_clz.o(x$fpl$drsb)
    __aeabi_dsub                             0x080040d5   Thumb Code     0  daddsub_clz.o(x$fpl$dsub)
    _dsub                                    0x080040d5   Thumb Code   464  daddsub_clz.o(x$fpl$dsub)
    __aeabi_f2d                              0x080042a9   Thumb Code     0  f2d.o(x$fpl$f2d)
    _f2d                                     0x080042a9   Thumb Code    86  f2d.o(x$fpl$f2d)
    __fpl_fnaninf                            0x080042ff   Thumb Code   140  fnaninf.o(x$fpl$fnaninf)
    _fp_init                                 0x0800438b   Thumb Code    10  fpinit.o(x$fpl$fpinit)
    __fplib_config_fpu_vfp                   0x08004393   Thumb Code     0  fpinit.o(x$fpl$fpinit)
    __fplib_config_pureend_doubles           0x08004393   Thumb Code     0  fpinit.o(x$fpl$fpinit)
    AHBPrescTable                            0x08004394   Data          16  system_stm32f4xx.o(.constdata)
    __I$use$fp                               0x08004394   Number         0  usenofp.o(x$fpl$usenofp)
    APBPrescTable                            0x080043a4   Data           8  system_stm32f4xx.o(.constdata)
    OLED_F8x16                               0x080043ac   Data        1520  oled_data.o(.constdata)
    OLED_F6x8                                0x0800499c   Data         570  oled_data.o(.constdata)
    Region$$Table$$Base                      0x08004bd8   Number         0  anon$$obj.o(Region$$Table)
    Region$$Table$$Limit                     0x08004bf8   Number         0  anon$$obj.o(Region$$Table)
    x_u16                                    0x20000000   Data           2  main.o(.data)
    y_u16                                    0x20000002   Data           2  main.o(.data)
    CamData                                  0x20000004   Data           1  usart.o(.data)
    CamRxState                               0x20000005   Data           1  usart.o(.data)
    Jy901s_RxData                            0x20000007   Data           1  usart.o(.data)
    Jy901s_RxFlag                            0x20000008   Data           1  usart.o(.data)
    uart_3_cnt                               0x2000000c   Data           4  usart.o(.data)
    uwTickFreq                               0x20000018   Data           1  stm32f4xx_hal.o(.data)
    uwTickPrio                               0x2000001c   Data           4  stm32f4xx_hal.o(.data)
    uwTick                                   0x20000020   Data           4  stm32f4xx_hal.o(.data)
    SystemCoreClock                          0x20000024   Data           4  system_stm32f4xx.o(.data)
    RxState                                  0x20000028   Data           1  jy61p.o(.data)
    Roll                                     0x2000002c   Data           4  jy61p.o(.data)
    Pitch                                    0x20000030   Data           4  jy61p.o(.data)
    Yaw                                      0x20000034   Data           4  jy61p.o(.data)
    tim_cnt                                  0x20000038   Data           2  pid.o(.data)
    x_last                                   0x2000003a   Data           2  pid.o(.data)
    y_last                                   0x2000003c   Data           2  pid.o(.data)
    hi2c1                                    0x20000040   Data          84  i2c.o(.bss)
    htim1                                    0x20000094   Data          72  tim.o(.bss)
    htim2                                    0x200000dc   Data          72  tim.o(.bss)
    htim3                                    0x20000124   Data          72  tim.o(.bss)
    htim4                                    0x2000016c   Data          72  tim.o(.bss)
    htim7                                    0x200001b4   Data          72  tim.o(.bss)
    htim9                                    0x200001fc   Data          72  tim.o(.bss)
    huart5                                   0x20000244   Data          72  usart.o(.bss)
    huart2                                   0x2000028c   Data          72  usart.o(.bss)
    huart3                                   0x200002d4   Data          72  usart.o(.bss)
    OLED_DisplayBuf                          0x2000031c   Data        1024  oled.o(.bss)
    Angel                                    0x20000728   Data          68  pid.o(.bss)
    X                                        0x2000076c   Data          68  pid.o(.bss)
    Y                                        0x200007b0   Data          68  pid.o(.bss)
    __libspace_start                         0x200007f4   Data          96  libspace.o(.bss)
    __temporary_stack_top$libspace           0x20000854   Data           0  libspace.o(.bss)



==============================================================================

Memory Map of the image

  Image Entry point : 0x08000189

  Load Region LR_IROM1 (Base: 0x08000000, Size: 0x00004c38, Max: 0x00080000, ABSOLUTE)

    Execution Region ER_IROM1 (Exec base: 0x08000000, Load base: 0x08000000, Size: 0x00004bf8, Max: 0x00080000, ABSOLUTE)

    Exec Addr    Load Addr    Size         Type   Attr      Idx    E Section Name        Object

    0x08000000   0x08000000   0x00000188   Data   RO            3    RESET               startup_stm32f407xx.o
    0x08000188   0x08000188   0x00000008   Code   RO         4095  * !!!main             c_w.l(__main.o)
    0x08000190   0x08000190   0x00000034   Code   RO         4582    !!!scatter          c_w.l(__scatter.o)
    0x080001c4   0x080001c4   0x0000001a   Code   RO         4584    !!handler_copy      c_w.l(__scatter_copy.o)
    0x080001de   0x080001de   0x00000002   PAD
    0x080001e0   0x080001e0   0x0000001c   Code   RO         4586    !!handler_zi        c_w.l(__scatter_zi.o)
    0x080001fc   0x080001fc   0x00000002   Code   RO         4514    .ARM.Collect$$libinit$$00000000  c_w.l(libinit.o)
    0x080001fe   0x080001fe   0x00000004   Code   RO         4278    .ARM.Collect$$libinit$$00000001  c_w.l(libinit2.o)
    0x08000202   0x08000202   0x00000000   Code   RO         4281    .ARM.Collect$$libinit$$00000004  c_w.l(libinit2.o)
    0x08000202   0x08000202   0x00000008   Code   RO         4282    .ARM.Collect$$libinit$$00000005  c_w.l(libinit2.o)
    0x0800020a   0x0800020a   0x00000000   Code   RO         4284    .ARM.Collect$$libinit$$0000000A  c_w.l(libinit2.o)
    0x0800020a   0x0800020a   0x00000000   Code   RO         4286    .ARM.Collect$$libinit$$0000000C  c_w.l(libinit2.o)
    0x0800020a   0x0800020a   0x00000000   Code   RO         4288    .ARM.Collect$$libinit$$0000000E  c_w.l(libinit2.o)
    0x0800020a   0x0800020a   0x00000000   Code   RO         4291    .ARM.Collect$$libinit$$00000011  c_w.l(libinit2.o)
    0x0800020a   0x0800020a   0x00000000   Code   RO         4293    .ARM.Collect$$libinit$$00000013  c_w.l(libinit2.o)
    0x0800020a   0x0800020a   0x00000000   Code   RO         4295    .ARM.Collect$$libinit$$00000015  c_w.l(libinit2.o)
    0x0800020a   0x0800020a   0x00000000   Code   RO         4297    .ARM.Collect$$libinit$$00000017  c_w.l(libinit2.o)
    0x0800020a   0x0800020a   0x00000000   Code   RO         4299    .ARM.Collect$$libinit$$00000019  c_w.l(libinit2.o)
    0x0800020a   0x0800020a   0x00000000   Code   RO         4301    .ARM.Collect$$libinit$$0000001B  c_w.l(libinit2.o)
    0x0800020a   0x0800020a   0x00000000   Code   RO         4303    .ARM.Collect$$libinit$$0000001D  c_w.l(libinit2.o)
    0x0800020a   0x0800020a   0x00000000   Code   RO         4305    .ARM.Collect$$libinit$$0000001F  c_w.l(libinit2.o)
    0x0800020a   0x0800020a   0x00000000   Code   RO         4307    .ARM.Collect$$libinit$$00000021  c_w.l(libinit2.o)
    0x0800020a   0x0800020a   0x00000000   Code   RO         4309    .ARM.Collect$$libinit$$00000023  c_w.l(libinit2.o)
    0x0800020a   0x0800020a   0x00000000   Code   RO         4311    .ARM.Collect$$libinit$$00000025  c_w.l(libinit2.o)
    0x0800020a   0x0800020a   0x00000000   Code   RO         4315    .ARM.Collect$$libinit$$0000002C  c_w.l(libinit2.o)
    0x0800020a   0x0800020a   0x00000000   Code   RO         4317    .ARM.Collect$$libinit$$0000002E  c_w.l(libinit2.o)
    0x0800020a   0x0800020a   0x00000000   Code   RO         4319    .ARM.Collect$$libinit$$00000030  c_w.l(libinit2.o)
    0x0800020a   0x0800020a   0x00000000   Code   RO         4321    .ARM.Collect$$libinit$$00000032  c_w.l(libinit2.o)
    0x0800020a   0x0800020a   0x00000002   Code   RO         4322    .ARM.Collect$$libinit$$00000033  c_w.l(libinit2.o)
    0x0800020c   0x0800020c   0x00000002   Code   RO         4579    .ARM.Collect$$libshutdown$$00000000  c_w.l(libshutdown.o)
    0x0800020e   0x0800020e   0x00000000   Code   RO         4535    .ARM.Collect$$libshutdown$$00000002  c_w.l(libshutdown2.o)
    0x0800020e   0x0800020e   0x00000000   Code   RO         4537    .ARM.Collect$$libshutdown$$00000004  c_w.l(libshutdown2.o)
    0x0800020e   0x0800020e   0x00000000   Code   RO         4539    .ARM.Collect$$libshutdown$$00000006  c_w.l(libshutdown2.o)
    0x0800020e   0x0800020e   0x00000000   Code   RO         4542    .ARM.Collect$$libshutdown$$00000009  c_w.l(libshutdown2.o)
    0x0800020e   0x0800020e   0x00000000   Code   RO         4545    .ARM.Collect$$libshutdown$$0000000C  c_w.l(libshutdown2.o)
    0x0800020e   0x0800020e   0x00000000   Code   RO         4547    .ARM.Collect$$libshutdown$$0000000E  c_w.l(libshutdown2.o)
    0x0800020e   0x0800020e   0x00000000   Code   RO         4550    .ARM.Collect$$libshutdown$$00000011  c_w.l(libshutdown2.o)
    0x0800020e   0x0800020e   0x00000002   Code   RO         4551    .ARM.Collect$$libshutdown$$00000012  c_w.l(libshutdown2.o)
    0x08000210   0x08000210   0x00000000   Code   RO         4151    .ARM.Collect$$rtentry$$00000000  c_w.l(__rtentry.o)
    0x08000210   0x08000210   0x00000000   Code   RO         4387    .ARM.Collect$$rtentry$$00000002  c_w.l(__rtentry2.o)
    0x08000210   0x08000210   0x00000006   Code   RO         4399    .ARM.Collect$$rtentry$$00000004  c_w.l(__rtentry4.o)
    0x08000216   0x08000216   0x00000000   Code   RO         4389    .ARM.Collect$$rtentry$$00000009  c_w.l(__rtentry2.o)
    0x08000216   0x08000216   0x00000004   Code   RO         4390    .ARM.Collect$$rtentry$$0000000A  c_w.l(__rtentry2.o)
    0x0800021a   0x0800021a   0x00000000   Code   RO         4392    .ARM.Collect$$rtentry$$0000000C  c_w.l(__rtentry2.o)
    0x0800021a   0x0800021a   0x00000008   Code   RO         4393    .ARM.Collect$$rtentry$$0000000D  c_w.l(__rtentry2.o)
    0x08000222   0x08000222   0x00000002   Code   RO         4519    .ARM.Collect$$rtexit$$00000000  c_w.l(rtexit.o)
    0x08000224   0x08000224   0x00000000   Code   RO         4555    .ARM.Collect$$rtexit$$00000002  c_w.l(rtexit2.o)
    0x08000224   0x08000224   0x00000004   Code   RO         4556    .ARM.Collect$$rtexit$$00000003  c_w.l(rtexit2.o)
    0x08000228   0x08000228   0x00000006   Code   RO         4557    .ARM.Collect$$rtexit$$00000004  c_w.l(rtexit2.o)
    0x0800022e   0x0800022e   0x00000002   PAD
    0x08000230   0x08000230   0x00000000   Code   RO         4410    .emb_text           c_w.l(maybetermalloc1.o)
    0x08000230   0x08000230   0x00000040   Code   RO            4    .text               startup_stm32f407xx.o
    0x08000270   0x08000270   0x0000005e   Code   RO         4027    .text               c_w.l(h1_alloc.o)
    0x080002ce   0x080002ce   0x0000004e   Code   RO         4029    .text               c_w.l(h1_free.o)
    0x0800031c   0x0800031c   0x000000ee   Code   RO         4085    .text               c_w.l(lludivv7m.o)
    0x0800040a   0x0800040a   0x0000004e   Code   RO         4089    .text               c_w.l(rt_memclr_w.o)
    0x08000458   0x08000458   0x00000006   Code   RO         4093    .text               c_w.l(heapauxi.o)
    0x0800045e   0x0800045e   0x00000002   PAD
    0x08000460   0x08000460   0x00000008   Code   RO         4159    .text               c_w.l(rt_heap_descriptor_intlibspace.o)
    0x08000468   0x08000468   0x00000004   Code   RO         4161    .text               c_w.l(hguard.o)
    0x0800046c   0x0800046c   0x0000008a   Code   RO         4163    .text               c_w.l(init_alloc.o)
    0x080004f6   0x080004f6   0x0000000e   Code   RO         4167    .text               c_w.l(h1_init.o)
    0x08000504   0x08000504   0x00000008   Code   RO         4383    .text               c_w.l(libspace.o)
    0x0800050c   0x0800050c   0x00000034   Code   RO         4412    .text               c_w.l(h1_extend.o)
    0x08000540   0x08000540   0x0000000e   Code   RO         4434    .text               c_w.l(defsig_rtmem_outer.o)
    0x0800054e   0x0800054e   0x00000002   Code   RO         4449    .text               c_w.l(use_no_semi.o)
    0x08000550   0x08000550   0x00000000   Code   RO         4451    .text               c_w.l(indicate_semi.o)
    0x08000550   0x08000550   0x0000004a   Code   RO         4452    .text               c_w.l(sys_stackheap_outer.o)
    0x0800059a   0x0800059a   0x00000012   Code   RO         4495    .text               c_w.l(exit.o)
    0x080005ac   0x080005ac   0x0000000a   Code   RO         4497    .text               c_w.l(defsig_exit.o)
    0x080005b6   0x080005b6   0x00000002   PAD
    0x080005b8   0x080005b8   0x00000050   Code   RO         4503    .text               c_w.l(defsig_rtmem_inner.o)
    0x08000608   0x08000608   0x0000000c   Code   RO         4517    .text               c_w.l(sys_exit.o)
    0x08000614   0x08000614   0x00000032   Code   RO         4530    .text               c_w.l(defsig_general.o)
    0x08000646   0x08000646   0x0000000e   Code   RO         4552    .text               c_w.l(sys_wrch.o)
    0x08000654   0x08000654   0x00000002   Code   RO          458    i.BusFault_Handler  stm32f4xx_it.o
    0x08000656   0x08000656   0x00000002   Code   RO          459    i.DebugMon_Handler  stm32f4xx_it.o
    0x08000658   0x08000658   0x0000003e   Code   RO         3931    i.Emm_V5_Vel_Control  emm_v5.o
    0x08000696   0x08000696   0x00000004   Code   RO           13    i.Error_Handler     main.o
    0x0800069a   0x0800069a   0x00000092   Code   RO         1499    i.HAL_DMA_Abort     stm32f4xx_hal_dma.o
    0x0800072c   0x0800072c   0x00000024   Code   RO         1500    i.HAL_DMA_Abort_IT  stm32f4xx_hal_dma.o
    0x08000750   0x08000750   0x00000024   Code   RO         1936    i.HAL_Delay         stm32f4xx_hal.o
    0x08000774   0x08000774   0x000001f0   Code   RO         1392    i.HAL_GPIO_Init     stm32f4xx_hal_gpio.o
    0x08000964   0x08000964   0x0000000a   Code   RO         1394    i.HAL_GPIO_ReadPin  stm32f4xx_hal_gpio.o
    0x0800096e   0x0800096e   0x00000002   PAD
    0x08000970   0x08000970   0x0000000c   Code   RO         1942    i.HAL_GetTick       stm32f4xx_hal.o
    0x0800097c   0x0800097c   0x00000188   Code   RO          593    i.HAL_I2C_Init      stm32f4xx_hal_i2c.o
    0x08000b04   0x08000b04   0x0000012c   Code   RO          606    i.HAL_I2C_Master_Transmit  stm32f4xx_hal_i2c.o
    0x08000c30   0x08000c30   0x0000006c   Code   RO          225    i.HAL_I2C_MspInit   i2c.o
    0x08000c9c   0x08000c9c   0x00000010   Code   RO         1948    i.HAL_IncTick       stm32f4xx_hal.o
    0x08000cac   0x08000cac   0x00000034   Code   RO         1949    i.HAL_Init          stm32f4xx_hal.o
    0x08000ce0   0x08000ce0   0x00000040   Code   RO         1950    i.HAL_InitTick      stm32f4xx_hal.o
    0x08000d20   0x08000d20   0x00000030   Code   RO          558    i.HAL_MspInit       stm32f4xx_hal_msp.o
    0x08000d50   0x08000d50   0x0000001a   Code   RO         1784    i.HAL_NVIC_EnableIRQ  stm32f4xx_hal_cortex.o
    0x08000d6a   0x08000d6a   0x00000002   PAD
    0x08000d6c   0x08000d6c   0x00000040   Code   RO         1790    i.HAL_NVIC_SetPriority  stm32f4xx_hal_cortex.o
    0x08000dac   0x08000dac   0x00000024   Code   RO         1791    i.HAL_NVIC_SetPriorityGrouping  stm32f4xx_hal_cortex.o
    0x08000dd0   0x08000dd0   0x00000134   Code   RO         1038    i.HAL_RCC_ClockConfig  stm32f4xx_hal_rcc.o
    0x08000f04   0x08000f04   0x00000020   Code   RO         1045    i.HAL_RCC_GetPCLK1Freq  stm32f4xx_hal_rcc.o
    0x08000f24   0x08000f24   0x00000020   Code   RO         1046    i.HAL_RCC_GetPCLK2Freq  stm32f4xx_hal_rcc.o
    0x08000f44   0x08000f44   0x00000060   Code   RO         1047    i.HAL_RCC_GetSysClockFreq  stm32f4xx_hal_rcc.o
    0x08000fa4   0x08000fa4   0x0000036c   Code   RO         1050    i.HAL_RCC_OscConfig  stm32f4xx_hal_rcc.o
    0x08001310   0x08001310   0x00000028   Code   RO         1795    i.HAL_SYSTICK_Config  stm32f4xx_hal_cortex.o
    0x08001338   0x08001338   0x00000002   Code   RO         2893    i.HAL_TIMEx_BreakCallback  stm32f4xx_hal_tim_ex.o
    0x0800133a   0x0800133a   0x00000002   Code   RO         2894    i.HAL_TIMEx_CommutCallback  stm32f4xx_hal_tim_ex.o
    0x0800133c   0x0800133c   0x00000054   Code   RO         2896    i.HAL_TIMEx_ConfigBreakDeadTime  stm32f4xx_hal_tim_ex.o
    0x08001390   0x08001390   0x00000090   Code   RO         2912    i.HAL_TIMEx_MasterConfigSynchronization  stm32f4xx_hal_tim_ex.o
    0x08001420   0x08001420   0x0000005a   Code   RO         2189    i.HAL_TIM_Base_Init  stm32f4xx_hal_tim.o
    0x0800147a   0x0800147a   0x00000002   PAD
    0x0800147c   0x0800147c   0x00000094   Code   RO          267    i.HAL_TIM_Base_MspInit  tim.o
    0x08001510   0x08001510   0x00000080   Code   RO         2194    i.HAL_TIM_Base_Start_IT  stm32f4xx_hal_tim.o
    0x08001590   0x08001590   0x000000dc   Code   RO         2198    i.HAL_TIM_ConfigClockSource  stm32f4xx_hal_tim.o
    0x0800166c   0x0800166c   0x00000002   Code   RO         2223    i.HAL_TIM_IC_CaptureCallback  stm32f4xx_hal_tim.o
    0x0800166e   0x0800166e   0x00000130   Code   RO         2237    i.HAL_TIM_IRQHandler  stm32f4xx_hal_tim.o
    0x0800179e   0x0800179e   0x00000002   PAD
    0x080017a0   0x080017a0   0x000000fc   Code   RO          268    i.HAL_TIM_MspPostInit  tim.o
    0x0800189c   0x0800189c   0x00000002   Code   RO         2240    i.HAL_TIM_OC_DelayElapsedCallback  stm32f4xx_hal_tim.o
    0x0800189e   0x0800189e   0x000000cc   Code   RO         2261    i.HAL_TIM_PWM_ConfigChannel  stm32f4xx_hal_tim.o
    0x0800196a   0x0800196a   0x0000005a   Code   RO         2264    i.HAL_TIM_PWM_Init  stm32f4xx_hal_tim.o
    0x080019c4   0x080019c4   0x00000028   Code   RO          270    i.HAL_TIM_PWM_MspInit  tim.o
    0x080019ec   0x080019ec   0x00000002   Code   RO         2267    i.HAL_TIM_PWM_PulseFinishedCallback  stm32f4xx_hal_tim.o
    0x080019ee   0x080019ee   0x00000002   PAD
    0x080019f0   0x080019f0   0x000000c8   Code   RO         2269    i.HAL_TIM_PWM_Start  stm32f4xx_hal_tim.o
    0x08001ab8   0x08001ab8   0x0000009c   Code   RO         3872    i.HAL_TIM_PeriodElapsedCallback  pid.o
    0x08001b54   0x08001b54   0x00000002   Code   RO         2280    i.HAL_TIM_TriggerCallback  stm32f4xx_hal_tim.o
    0x08001b56   0x08001b56   0x00000002   Code   RO         3172    i.HAL_UARTEx_RxEventCallback  stm32f4xx_hal_uart.o
    0x08001b58   0x08001b58   0x00000002   Code   RO         3186    i.HAL_UART_ErrorCallback  stm32f4xx_hal_uart.o
    0x08001b5a   0x08001b5a   0x00000002   PAD
    0x08001b5c   0x08001b5c   0x00000280   Code   RO         3189    i.HAL_UART_IRQHandler  stm32f4xx_hal_uart.o
    0x08001ddc   0x08001ddc   0x00000064   Code   RO         3190    i.HAL_UART_Init     stm32f4xx_hal_uart.o
    0x08001e40   0x08001e40   0x00000148   Code   RO          357    i.HAL_UART_MspInit  usart.o
    0x08001f88   0x08001f88   0x0000001c   Code   RO         3195    i.HAL_UART_Receive_IT  stm32f4xx_hal_uart.o
    0x08001fa4   0x08001fa4   0x000000a8   Code   RO          358    i.HAL_UART_RxCpltCallback  usart.o
    0x0800204c   0x0800204c   0x000000a0   Code   RO         3198    i.HAL_UART_Transmit  stm32f4xx_hal_uart.o
    0x080020ec   0x080020ec   0x00000002   Code   RO         3201    i.HAL_UART_TxCpltCallback  stm32f4xx_hal_uart.o
    0x080020ee   0x080020ee   0x00000002   Code   RO          460    i.HardFault_Handler  stm32f4xx_it.o
    0x080020f0   0x080020f0   0x0000002e   Code   RO          636    i.I2C_IsAcknowledgeFailed  stm32f4xx_hal_i2c.o
    0x0800211e   0x0800211e   0x00000002   PAD
    0x08002120   0x08002120   0x0000009c   Code   RO          640    i.I2C_MasterRequestWrite  stm32f4xx_hal_i2c.o
    0x080021bc   0x080021bc   0x00000056   Code   RO          651    i.I2C_WaitOnBTFFlagUntilTimeout  stm32f4xx_hal_i2c.o
    0x08002212   0x08002212   0x00000002   PAD
    0x08002214   0x08002214   0x00000090   Code   RO          652    i.I2C_WaitOnFlagUntilTimeout  stm32f4xx_hal_i2c.o
    0x080022a4   0x080022a4   0x000000bc   Code   RO          653    i.I2C_WaitOnMasterAddressFlagUntilTimeout  stm32f4xx_hal_i2c.o
    0x08002360   0x08002360   0x00000056   Code   RO          655    i.I2C_WaitOnTXEFlagUntilTimeout  stm32f4xx_hal_i2c.o
    0x080023b6   0x080023b6   0x00000002   PAD
    0x080023b8   0x080023b8   0x000000c0   Code   RO          200    i.MX_GPIO_Init      gpio.o
    0x08002478   0x08002478   0x00000040   Code   RO          226    i.MX_I2C1_Init      i2c.o
    0x080024b8   0x080024b8   0x000000d8   Code   RO          271    i.MX_TIM1_Init      tim.o
    0x08002590   0x08002590   0x000000a8   Code   RO          272    i.MX_TIM2_Init      tim.o
    0x08002638   0x08002638   0x000000ac   Code   RO          273    i.MX_TIM3_Init      tim.o
    0x080026e4   0x080026e4   0x000000a8   Code   RO          274    i.MX_TIM4_Init      tim.o
    0x0800278c   0x0800278c   0x00000048   Code   RO          275    i.MX_TIM7_Init      tim.o
    0x080027d4   0x080027d4   0x00000058   Code   RO          276    i.MX_TIM9_Init      tim.o
    0x0800282c   0x0800282c   0x00000038   Code   RO          359    i.MX_UART5_Init     usart.o
    0x08002864   0x08002864   0x00000038   Code   RO          360    i.MX_USART2_UART_Init  usart.o
    0x0800289c   0x0800289c   0x00000038   Code   RO          361    i.MX_USART3_UART_Init  usart.o
    0x080028d4   0x080028d4   0x00000002   Code   RO          461    i.MemManage_Handler  stm32f4xx_it.o
    0x080028d6   0x080028d6   0x00000002   Code   RO          462    i.NMI_Handler       stm32f4xx_it.o
    0x080028d8   0x080028d8   0x00000028   Code   RO         3561    i.OLED_Clear        oled.o
    0x08002900   0x08002900   0x0000005c   Code   RO         3562    i.OLED_ClearArea    oled.o
    0x0800295c   0x0800295c   0x00000016   Code   RO         3570    i.OLED_GPIO_Init    oled.o
    0x08002972   0x08002972   0x0000009c   Code   RO         3575    i.OLED_Init         oled.o
    0x08002a0e   0x08002a0e   0x0000000e   Code   RO         3577    i.OLED_Pow          oled.o
    0x08002a1c   0x08002a1c   0x00000022   Code   RO         3581    i.OLED_SetCursor    oled.o
    0x08002a3e   0x08002a3e   0x00000002   PAD
    0x08002a40   0x08002a40   0x0000003c   Code   RO         3583    i.OLED_ShowChar     oled.o
    0x08002a7c   0x08002a7c   0x000000e4   Code   RO         3584    i.OLED_ShowFloatNum  oled.o
    0x08002b60   0x08002b60   0x000000c0   Code   RO         3586    i.OLED_ShowImage    oled.o
    0x08002c20   0x08002c20   0x00000046   Code   RO         3587    i.OLED_ShowNum      oled.o
    0x08002c66   0x08002c66   0x0000005e   Code   RO         3588    i.OLED_ShowSignedNum  oled.o
    0x08002cc4   0x08002cc4   0x00000028   Code   RO         3590    i.OLED_Update       oled.o
    0x08002cec   0x08002cec   0x00000020   Code   RO         3592    i.OLED_WriteCommand  oled.o
    0x08002d0c   0x08002d0c   0x00000044   Code   RO         3593    i.OLED_WriteData    oled.o
    0x08002d50   0x08002d50   0x0000002a   Code   RO         3874    i.PID_Init          pid.o
    0x08002d7a   0x08002d7a   0x000000c8   Code   RO         3875    i.PID_Positional_out  pid.o
    0x08002e42   0x08002e42   0x00000002   Code   RO          463    i.PendSV_Handler    stm32f4xx_it.o
    0x08002e44   0x08002e44   0x00000002   Code   RO          464    i.SVC_Handler       stm32f4xx_it.o
    0x08002e46   0x08002e46   0x00000002   PAD
    0x08002e48   0x08002e48   0x0000003c   Code   RO         3810    i.Set_4_Speed       motor.o
    0x08002e84   0x08002e84   0x00000060   Code   RO         3811    i.Set_Speed         motor.o
    0x08002ee4   0x08002ee4   0x00000004   Code   RO          465    i.SysTick_Handler   stm32f4xx_it.o
    0x08002ee8   0x08002ee8   0x00000094   Code   RO           14    i.SystemClock_Config  main.o
    0x08002f7c   0x08002f7c   0x00000010   Code   RO         3524    i.SystemInit        system_stm32f4xx.o
    0x08002f8c   0x08002f8c   0x0000000c   Code   RO          466    i.TIM7_IRQHandler   stm32f4xx_it.o
    0x08002f98   0x08002f98   0x000000d0   Code   RO         2282    i.TIM_Base_SetConfig  stm32f4xx_hal_tim.o
    0x08003068   0x08003068   0x0000001a   Code   RO         2283    i.TIM_CCxChannelCmd  stm32f4xx_hal_tim.o
    0x08003082   0x08003082   0x00000014   Code   RO         2293    i.TIM_ETR_SetConfig  stm32f4xx_hal_tim.o
    0x08003096   0x08003096   0x00000010   Code   RO         2294    i.TIM_ITRx_SetConfig  stm32f4xx_hal_tim.o
    0x080030a6   0x080030a6   0x00000002   PAD
    0x080030a8   0x080030a8   0x00000060   Code   RO         2295    i.TIM_OC1_SetConfig  stm32f4xx_hal_tim.o
    0x08003108   0x08003108   0x0000006c   Code   RO         2296    i.TIM_OC2_SetConfig  stm32f4xx_hal_tim.o
    0x08003174   0x08003174   0x00000068   Code   RO         2297    i.TIM_OC3_SetConfig  stm32f4xx_hal_tim.o
    0x080031dc   0x080031dc   0x00000050   Code   RO         2298    i.TIM_OC4_SetConfig  stm32f4xx_hal_tim.o
    0x0800322c   0x0800322c   0x00000022   Code   RO         2300    i.TIM_TI1_ConfigInputStage  stm32f4xx_hal_tim.o
    0x0800324e   0x0800324e   0x00000024   Code   RO         2302    i.TIM_TI2_ConfigInputStage  stm32f4xx_hal_tim.o
    0x08003272   0x08003272   0x00000002   PAD
    0x08003274   0x08003274   0x0000000c   Code   RO          467    i.UART5_IRQHandler  stm32f4xx_it.o
    0x08003280   0x08003280   0x0000000e   Code   RO         3203    i.UART_DMAAbortOnError  stm32f4xx_hal_uart.o
    0x0800328e   0x0800328e   0x0000004e   Code   RO         3213    i.UART_EndRxTransfer  stm32f4xx_hal_uart.o
    0x080032dc   0x080032dc   0x000000c2   Code   RO         3215    i.UART_Receive_IT   stm32f4xx_hal_uart.o
    0x0800339e   0x0800339e   0x00000002   PAD
    0x080033a0   0x080033a0   0x0000010c   Code   RO         3216    i.UART_SetConfig    stm32f4xx_hal_uart.o
    0x080034ac   0x080034ac   0x00000036   Code   RO         3218    i.UART_Start_Receive_IT  stm32f4xx_hal_uart.o
    0x080034e2   0x080034e2   0x00000072   Code   RO         3219    i.UART_WaitOnFlagUntilTimeout  stm32f4xx_hal_uart.o
    0x08003554   0x08003554   0x0000000c   Code   RO          468    i.USART2_IRQHandler  stm32f4xx_it.o
    0x08003560   0x08003560   0x0000000c   Code   RO          469    i.USART3_IRQHandler  stm32f4xx_it.o
    0x0800356c   0x0800356c   0x00000002   Code   RO          470    i.UsageFault_Handler  stm32f4xx_it.o
    0x0800356e   0x0800356e   0x00000020   Code   RO         1797    i.__NVIC_SetPriority  stm32f4xx_hal_cortex.o
    0x0800358e   0x0800358e   0x00000002   PAD
    0x08003590   0x08003590   0x000000e0   Code   RO         4145    i.__hardfp_round    m_wm.l(round.o)
    0x08003670   0x08003670   0x000000bc   Code   RO         3841    i.jy61p_ReceiveData  jy61p.o
    0x0800372c   0x0800372c   0x000003ec   Code   RO           15    i.main              main.o
    0x08003b18   0x08003b18   0x00000010   Code   RO         3932    i.usart_SendCmd     emm_v5.o
    0x08003b28   0x08003b28   0x00000018   Code   RO         4097    x$fpl$basic         fz_wm.l(basic.o)
    0x08003b40   0x08003b40   0x00000150   Code   RO         4101    x$fpl$dadd          fz_wm.l(daddsub_clz.o)
    0x08003c90   0x08003c90   0x00000018   Code   RO         4323    x$fpl$dcmpinf       fz_wm.l(dcmpi.o)
    0x08003ca8   0x08003ca8   0x0000005a   Code   RO         4115    x$fpl$dfixu         fz_wm.l(dfixu.o)
    0x08003d02   0x08003d02   0x00000026   Code   RO         4119    x$fpl$dfltu         fz_wm.l(dflt_clz.o)
    0x08003d28   0x08003d28   0x00000078   Code   RO         4125    x$fpl$dleqf         fz_wm.l(dleqf.o)
    0x08003da0   0x08003da0   0x00000154   Code   RO         4127    x$fpl$dmul          fz_wm.l(dmul.o)
    0x08003ef4   0x08003ef4   0x0000009c   Code   RO         4327    x$fpl$dnaninf       fz_wm.l(dnaninf.o)
    0x08003f90   0x08003f90   0x0000000c   Code   RO         4329    x$fpl$dretinf       fz_wm.l(dretinf.o)
    0x08003f9c   0x08003f9c   0x0000006c   Code   RO         4129    x$fpl$drleqf        fz_wm.l(drleqf.o)
    0x08004008   0x08004008   0x000000b4   Code   RO         4331    x$fpl$drnd          fz_wm.l(drnd.o)
    0x080040bc   0x080040bc   0x00000016   Code   RO         4102    x$fpl$drsb          fz_wm.l(daddsub_clz.o)
    0x080040d2   0x080040d2   0x00000002   PAD
    0x080040d4   0x080040d4   0x000001d4   Code   RO         4103    x$fpl$dsub          fz_wm.l(daddsub_clz.o)
    0x080042a8   0x080042a8   0x00000056   Code   RO         4131    x$fpl$f2d           fz_wm.l(f2d.o)
    0x080042fe   0x080042fe   0x0000008c   Code   RO         4333    x$fpl$fnaninf       fz_wm.l(fnaninf.o)
    0x0800438a   0x0800438a   0x0000000a   Code   RO         4443    x$fpl$fpinit        fz_wm.l(fpinit.o)
    0x08004394   0x08004394   0x00000000   Code   RO         4345    x$fpl$usenofp       fz_wm.l(usenofp.o)
    0x08004394   0x08004394   0x00000010   Data   RO         3525    .constdata          system_stm32f4xx.o
    0x080043a4   0x080043a4   0x00000008   Data   RO         3526    .constdata          system_stm32f4xx.o
    0x080043ac   0x080043ac   0x000005f0   Data   RO         3792    .constdata          oled_data.o
    0x0800499c   0x0800499c   0x0000023a   Data   RO         3793    .constdata          oled_data.o
    0x08004bd6   0x08004bd6   0x00000002   PAD
    0x08004bd8   0x08004bd8   0x00000020   Data   RO         4580    Region$$Table       anon$$obj.o


    Execution Region RW_IRAM1 (Exec base: 0x20000000, Load base: 0x08004bf8, Size: 0x00000e58, Max: 0x0001c000, ABSOLUTE)

    Exec Addr    Load Addr    Size         Type   Attr      Idx    E Section Name        Object

    0x20000000   0x08004bf8   0x00000002   Data   RW           17    .data               main.o
    0x20000002   0x08004bfa   0x00000002   Data   RW           18    .data               main.o
    0x20000004   0x08004bfc   0x00000014   Data   RW          370    .data               usart.o
    0x20000018   0x08004c10   0x0000000c   Data   RW         1956    .data               stm32f4xx_hal.o
    0x20000024   0x08004c1c   0x00000004   Data   RW         3527    .data               system_stm32f4xx.o
    0x20000028   0x08004c20   0x00000010   Data   RW         3843    .data               jy61p.o
    0x20000038   0x08004c30   0x00000006   Data   RW         3877    .data               pid.o
    0x2000003e   0x08004c36   0x00000002   PAD
    0x20000040        -       0x00000054   Zero   RW          227    .bss                i2c.o
    0x20000094        -       0x000001b0   Zero   RW          277    .bss                tim.o
    0x20000244        -       0x000000d8   Zero   RW          369    .bss                usart.o
    0x2000031c        -       0x00000400   Zero   RW         3595    .bss                oled.o
    0x2000071c        -       0x0000000b   Zero   RW         3842    .bss                jy61p.o
    0x20000727   0x08004c36   0x00000001   PAD
    0x20000728        -       0x000000cc   Zero   RW         3876    .bss                pid.o
    0x200007f4        -       0x00000060   Zero   RW         4384    .bss                c_w.l(libspace.o)
    0x20000854   0x08004c36   0x00000004   PAD
    0x20000858        -       0x00000200   Zero   RW            2    HEAP                startup_stm32f407xx.o
    0x20000a58        -       0x00000400   Zero   RW            1    STACK               startup_stm32f407xx.o


    Execution Region RW_IRAM2 (Exec base: 0x2001c000, Load base: 0x08004c38, Size: 0x00000000, Max: 0x00004000, ABSOLUTE)

    **** No section assigned to this execution region ****


==============================================================================

Image component sizes


      Code (inc. data)   RO Data    RW Data    ZI Data      Debug   Object Name

        78          4          0          0          0       1645   emm_v5.o
       192         16          0          0          0       1091   gpio.o
       172         28          0          0         84       1773   i2c.o
       188         16          0         16         11       1437   jy61p.o
      1156        128          0          4          0     702947   main.o
       156         34          0          0          0       1840   motor.o
      1142         52          0          0       1024      10837   oled.o
         0          0       2090          0          0       1162   oled_data.o
       398         30          0          6        204       2916   pid.o
        64         26        392          0       1536        868   startup_stm32f407xx.o
       180         28          0         12          0       9613   stm32f4xx_hal.o
       198         14          0          0          0      33971   stm32f4xx_hal_cortex.o
       182          0          0          0          0       2171   stm32f4xx_hal_dma.o
       506         46          0          0          0       2263   stm32f4xx_hal_gpio.o
      1398         32          0          0          0       9581   stm32f4xx_hal_i2c.o
        48          6          0          0          0        910   stm32f4xx_hal_msp.o
      1344         72          0          0          0       5404   stm32f4xx_hal_rcc.o
      1972        136          0          0          0      17068   stm32f4xx_hal_tim.o
       232         28          0          0          0       3429   stm32f4xx_hal_tim_ex.o
      1656         14          0          0          0      11784   stm32f4xx_hal_uart.o
        68         24          0          0          0       6359   stm32f4xx_it.o
        16          4         24          4          0       1199   system_stm32f4xx.o
      1324        116          0          0        432       7103   tim.o
       664         76          0         20        216       4591   usart.o

    ----------------------------------------------------------------------
     13364        930       2540         64       3508     841962   Object Totals
         0          0         32          0          0          0   (incl. Generated)
        30          0          2          2          1          0   (incl. Padding)

    ----------------------------------------------------------------------

      Code (inc. data)   RO Data    RW Data    ZI Data      Debug   Library Member Name

         8          0          0          0          0         68   __main.o
         0          0          0          0          0          0   __rtentry.o
        12          0          0          0          0          0   __rtentry2.o
         6          0          0          0          0          0   __rtentry4.o
        52          8          0          0          0          0   __scatter.o
        26          0          0          0          0          0   __scatter_copy.o
        28          0          0          0          0          0   __scatter_zi.o
        10          0          0          0          0         68   defsig_exit.o
        50          0          0          0          0         88   defsig_general.o
        80         58          0          0          0         76   defsig_rtmem_inner.o
        14          0          0          0          0         80   defsig_rtmem_outer.o
        18          0          0          0          0         80   exit.o
        94          0          0          0          0         80   h1_alloc.o
        52          0          0          0          0         68   h1_extend.o
        78          0          0          0          0         80   h1_free.o
        14          0          0          0          0         84   h1_init.o
         6          0          0          0          0        152   heapauxi.o
         4          0          0          0          0        136   hguard.o
         0          0          0          0          0          0   indicate_semi.o
       138          0          0          0          0        168   init_alloc.o
         2          0          0          0          0          0   libinit.o
        14          0          0          0          0          0   libinit2.o
         2          0          0          0          0          0   libshutdown.o
         2          0          0          0          0          0   libshutdown2.o
         8          4          0          0         96         68   libspace.o
       238          0          0          0          0        100   lludivv7m.o
         0          0          0          0          0          0   maybetermalloc1.o
         8          4          0          0          0         68   rt_heap_descriptor_intlibspace.o
        78          0          0          0          0         80   rt_memclr_w.o
         2          0          0          0          0          0   rtexit.o
        10          0          0          0          0          0   rtexit2.o
        12          4          0          0          0         68   sys_exit.o
        74          0          0          0          0         80   sys_stackheap_outer.o
        14          0          0          0          0         76   sys_wrch.o
         2          0          0          0          0         68   use_no_semi.o
        24          0          0          0          0        164   basic.o
       826         16          0          0          0        492   daddsub_clz.o
        24          0          0          0          0        116   dcmpi.o
        90          4          0          0          0        140   dfixu.o
        38          0          0          0          0        116   dflt_clz.o
       120          4          0          0          0        140   dleqf.o
       340         12          0          0          0        152   dmul.o
       156          4          0          0          0        140   dnaninf.o
        12          0          0          0          0        116   dretinf.o
       108          0          0          0          0        128   drleqf.o
       180          4          0          0          0        128   drnd.o
        86          4          0          0          0        132   f2d.o
       140          4          0          0          0        132   fnaninf.o
        10          0          0          0          0        116   fpinit.o
         0          0          0          0          0          0   usenofp.o
       224         30          0          0          0        172   round.o

    ----------------------------------------------------------------------
      3544        160          0          0        100       4220   Library Totals
        10          0          0          0          4          0   (incl. Padding)

    ----------------------------------------------------------------------

      Code (inc. data)   RO Data    RW Data    ZI Data      Debug   Library Name

      1156         78          0          0         96       1836   c_w.l
      2154         52          0          0          0       2212   fz_wm.l
       224         30          0          0          0        172   m_wm.l

    ----------------------------------------------------------------------
      3544        160          0          0        100       4220   Library Totals

    ----------------------------------------------------------------------

==============================================================================


      Code (inc. data)   RO Data    RW Data    ZI Data      Debug   

     16908       1090       2540         64       3608     832346   Grand Totals
     16908       1090       2540         64       3608     832346   ELF Image Totals
     16908       1090       2540         64          0          0   ROM Totals

==============================================================================

    Total RO  Size (Code + RO Data)                19448 (  18.99kB)
    Total RW  Size (RW Data + ZI Data)              3672 (   3.59kB)
    Total ROM Size (Code + RO Data + RW Data)      19512 (  19.05kB)

==============================================================================

